[    0.000000] Initializing cgroup subsys cpuset
[    0.000000] Initializing cgroup subsys cpu
[    0.000000] Initializing cgroup subsys cpuacct
[    0.000000] Linux version 4.4.0-187-generic (buildd@lgw01-amd64-035) (gcc version 5.4.0 20160609 (Ubuntu 5.4.0-6ubuntu1~16.04.12) ) #217-Ubuntu SMP Tue Jul 21 04:18:15 UTC 2020 (Ubuntu 4.4.0-187.217-generic 4.4.230)
[    0.000000] Command line: BOOT_IMAGE=/boot/vmlinuz-4.4.0-187-generic root=LABEL=cloudimg-rootfs ro console=tty1 console=ttyS0
[    0.000000] KERNEL supported cpus:
[    0.000000]   Intel GenuineIntel
[    0.000000]   AMD AuthenticAMD
[    0.000000]   Centaur CentaurHauls
[    0.000000] x86/fpu: xstate_offset[2]:  576, xstate_sizes[2]:  256
[    0.000000] x86/fpu: Supporting XSAVE feature 0x01: 'x87 floating point registers'
[    0.000000] x86/fpu: Supporting XSAVE feature 0x02: 'SSE registers'
[    0.000000] x86/fpu: Supporting XSAVE feature 0x04: 'AVX registers'
[    0.000000] x86/fpu: Enabled xstate features 0x7, context size is 832 bytes, using 'standard' format.
[    0.000000] e820: BIOS-provided physical RAM map:
[    0.000000] BIOS-e820: [mem 0x0000000000000000-0x000000000009fbff] usable
[    0.000000] BIOS-e820: [mem 0x000000000009fc00-0x000000000009ffff] reserved
[    0.000000] BIOS-e820: [mem 0x00000000000f0000-0x00000000000fffff] reserved
[    0.000000] BIOS-e820: [mem 0x0000000000100000-0x000000003ffeffff] usable
[    0.000000] BIOS-e820: [mem 0x000000003fff0000-0x000000003fffffff] ACPI data
[    0.000000] BIOS-e820: [mem 0x00000000fec00000-0x00000000fec00fff] reserved
[    0.000000] BIOS-e820: [mem 0x00000000fee00000-0x00000000fee00fff] reserved
[    0.000000] BIOS-e820: [mem 0x00000000fffc0000-0x00000000ffffffff] reserved
[    0.000000] NX (Execute Disable) protection: active
[    0.000000] SMBIOS 2.5 present.
[    0.000000] Hypervisor detected: KVM
[    0.000000] e820: last_pfn = 0x3fff0 max_arch_pfn = 0x400000000
[    0.000000] MTRR: Disabled
[    0.000000] x86/PAT: MTRRs disabled, skipping PAT initialization too.
[    0.000000] CPU MTRRs all blank - virtualized system.
[    0.000000] x86/PAT: Configuration [0-7]: WB  WT  UC- UC  WB  WT  UC- UC  
[    0.000000] found SMP MP-table at [mem 0x0009fff0-0x0009ffff] mapped at [ffff88000009fff0]
[    0.000000] Scanning 1 areas for low memory corruption
[    0.000000] RAMDISK: [mem 0x362de000-0x37166fff]
[    0.000000] ACPI: Early table checksum verification disabled
[    0.000000] ACPI: RSDP 0x00000000000E0000 000024 (v02 VBOX  )
[    0.000000] ACPI: XSDT 0x000000003FFF0030 00003C (v01 VBOX   VBOXXSDT 00000001 ASL  00000061)
[    0.000000] ACPI: FACP 0x000000003FFF00F0 0000F4 (v04 VBOX   VBOXFACP 00000001 ASL  00000061)
[    0.000000] ACPI: DSDT 0x000000003FFF0470 0022EA (v02 VBOX   VBOXBIOS 00000002 INTL 20100528)
[    0.000000] ACPI: FACS 0x000000003FFF0200 000040
[    0.000000] ACPI: FACS 0x000000003FFF0200 000040
[    0.000000] ACPI: APIC 0x000000003FFF0240 00005C (v02 VBOX   VBOXAPIC 00000001 ASL  00000061)
[    0.000000] ACPI: SSDT 0x000000003FFF02A0 0001CC (v01 VBOX   VBOXCPUT 00000002 INTL 20100528)
[    0.000000] No NUMA configuration found
[    0.000000] Faking a node at [mem 0x0000000000000000-0x000000003ffeffff]
[    0.000000] NODE_DATA(0) allocated [mem 0x3ffeb000-0x3ffeffff]
[    0.000000] kvm-clock: Using msrs 4b564d01 and 4b564d00
[    0.000000] kvm-clock: cpu 0, msr 0:3ffe3001, primary cpu clock
[    0.000000] kvm-clock: using sched offset of 4186994395 cycles
[    0.000000] clocksource: kvm-clock: mask: 0xffffffffffffffff max_cycles: 0x1cd42e4dffb, max_idle_ns: 881590591483 ns
[    0.000000] Zone ranges:
[    0.000000]   DMA      [mem 0x0000000000001000-0x0000000000ffffff]
[    0.000000]   DMA32    [mem 0x0000000001000000-0x000000003ffeffff]
[    0.000000]   Normal   empty
[    0.000000]   Device   empty
[    0.000000] Movable zone start for each node
[    0.000000] Early memory node ranges
[    0.000000]   node   0: [mem 0x0000000000001000-0x000000000009efff]
[    0.000000]   node   0: [mem 0x0000000000100000-0x000000003ffeffff]
[    0.000000] Initmem setup node 0 [mem 0x0000000000001000-0x000000003ffeffff]
[    0.000000] ACPI: PM-Timer IO Port: 0x4008
[    0.000000] IOAPIC[0]: apic_id 2, version 32, address 0xfec00000, GSI 0-23
[    0.000000] ACPI: INT_SRC_OVR (bus 0 bus_irq 0 global_irq 2 dfl dfl)
[    0.000000] ACPI: INT_SRC_OVR (bus 0 bus_irq 9 global_irq 9 low level)
[    0.000000] Using ACPI (MADT) for SMP configuration information
[    0.000000] smpboot: Allowing 2 CPUs, 0 hotplug CPUs
[    0.000000] PM: Registered nosave memory: [mem 0x00000000-0x00000fff]
[    0.000000] PM: Registered nosave memory: [mem 0x0009f000-0x0009ffff]
[    0.000000] PM: Registered nosave memory: [mem 0x000a0000-0x000effff]
[    0.000000] PM: Registered nosave memory: [mem 0x000f0000-0x000fffff]
[    0.000000] e820: [mem 0x40000000-0xfebfffff] available for PCI devices
[    0.000000] Booting paravirtualized kernel on KVM
[    0.000000] clocksource: refined-jiffies: mask: 0xffffffff max_cycles: 0xffffffff, max_idle_ns: 7645519600211568 ns
[    0.000000] setup_percpu: NR_CPUS:512 nr_cpumask_bits:512 nr_cpu_ids:2 nr_node_ids:1
[    0.000000] PERCPU: Embedded 33 pages/cpu @ffff88003fc00000 s95512 r8192 d31464 u1048576
[    0.000000] Built 1 zonelists in Node order, mobility grouping on.  Total pages: 257912
[    0.000000] Policy zone: DMA32
[    0.000000] Kernel command line: BOOT_IMAGE=/boot/vmlinuz-4.4.0-187-generic root=LABEL=cloudimg-rootfs ro console=tty1 console=ttyS0
[    0.000000] PID hash table entries: 4096 (order: 3, 32768 bytes)
[    0.000000] Memory: 997660K/1048120K available (8636K kernel code, 1337K rwdata, 4040K rodata, 1492K init, 1296K bss, 50460K reserved, 0K cma-reserved)
[    0.000000] SLUB: HWalign=64, Order=0-3, MinObjects=0, CPUs=2, Nodes=1
[    0.000000] Kernel/User page tables isolation: enabled
[    0.000000] Hierarchical RCU implementation.
[    0.000000] 	Build-time adjustment of leaf fanout to 64.
[    0.000000] 	RCU restricting CPUs from NR_CPUS=512 to nr_cpu_ids=2.
[    0.000000] RCU: Adjusting geometry for rcu_fanout_leaf=64, nr_cpu_ids=2
[    0.000000] NR_IRQS:33024 nr_irqs:440 16
[    0.000000] Console: colour VGA+ 80x25
[    0.000000] console [tty1] enabled
[    0.000000] console [ttyS0] enabled
[    0.000000] tsc: Detected 2303.998 MHz processor
[    0.165953] Calibrating delay loop (skipped) preset value.. 4607.99 BogoMIPS (lpj=9215992)
[    0.167776] pid_max: default: 32768 minimum: 301
[    0.168848] ACPI: Core revision 20150930
[    0.170733] ACPI: 2 ACPI AML tables successfully acquired and loaded
[    0.172279] Security Framework initialized
[    0.173293] Yama: becoming mindful.
[    0.174195] AppArmor: AppArmor initialized
[    0.175287] Dentry cache hash table entries: 131072 (order: 8, 1048576 bytes)
[    0.179582] Inode-cache hash table entries: 65536 (order: 7, 524288 bytes)
[    0.182067] Mount-cache hash table entries: 2048 (order: 2, 16384 bytes)
[    0.184284] Mountpoint-cache hash table entries: 2048 (order: 2, 16384 bytes)
[    0.186972] Initializing cgroup subsys io
[    0.188724] Initializing cgroup subsys memory
[    0.190450] Initializing cgroup subsys devices
[    0.191905] Initializing cgroup subsys freezer
[    0.193622] Initializing cgroup subsys net_cls
[    0.194844] Initializing cgroup subsys perf_event
[    0.196416] Initializing cgroup subsys net_prio
[    0.197375] Initializing cgroup subsys hugetlb
[    0.198899] Initializing cgroup subsys pids
[    0.211970] mce: CPU supports 0 MCE banks
[    0.213328] Last level iTLB entries: 4KB 64, 2MB 8, 4MB 8
[    0.214405] Last level dTLB entries: 4KB 64, 2MB 0, 4MB 0, 1GB 4
[    0.215574] Spectre V1 : Mitigation: usercopy/swapgs barriers and __user pointer sanitization
[    0.218007] Spectre V2 : Mitigation: Full generic retpoline
[    0.219173] Spectre V2 : Spectre v2 / SpectreRSB mitigation: Filling RSB on context switch
[    0.220959] Speculative Store Bypass: Vulnerable
[    0.221983] SRBDS: Unknown: Dependent on hypervisor status
[    0.223152] MDS: Mitigation: Clear CPU buffers
[    0.227139] Freeing SMP alternatives memory: 36K
[    0.236070] ftrace: allocating 32337 entries in 127 pages
[    0.291080] smpboot: APIC(0) Converting physical 0 to logical package 0
[    0.292920] smpboot: Max logical packages: 1
[    0.294505] x2apic enabled
[    0.295471] Switched APIC routing to physical x2apic.
[    0.297527] ..TIMER: vector=0x30 apic1=0 pin1=2 apic2=-1 pin2=-1
[    0.407045] smpboot: CPU0: Intel(R) Core(TM) i5-7360U CPU @ 2.30GHz (family: 0x6, model: 0x8e, stepping: 0x9)
[    0.412397] Performance Events: unsupported p6 CPU model 142 no PMU driver, software events only.
[    0.425189] KVM setup paravirtual spinlock
[    0.427188] x86: Booting SMP configuration:
[    0.429051] .... node  #0, CPUs:      #1
[    0.430814] kvm-clock: cpu 1, msr 0:3ffe3041, secondary cpu clock
[    0.445220] mce: CPU supports 0 MCE banks
[    0.448268] x86: Booted up 1 node, 2 CPUs
[    0.453679] smpboot: Total of 2 processors activated (9215.99 BogoMIPS)
[    0.463724] devtmpfs: initialized
[    0.475131] evm: security.selinux
[    0.477535] evm: security.SMACK64
[    0.480462] evm: security.SMACK64EXEC
[    0.484236] evm: security.SMACK64TRANSMUTE
[    0.487320] evm: security.SMACK64MMAP
[    0.489483] evm: security.ima
[    0.491415] evm: security.capability
[    0.497380] clocksource: jiffies: mask: 0xffffffff max_cycles: 0xffffffff, max_idle_ns: 7645041785100000 ns
[    0.505218] futex hash table entries: 512 (order: 3, 32768 bytes)
[    0.507438] pinctrl core: initialized pinctrl subsystem
[    0.509033] RTC time:  9:17:32, date: 09/04/20
[    0.510540] NET: Registered protocol family 16
[    0.522606] cpuidle: using governor ladder
[    0.534373] cpuidle: using governor menu
[    0.535654] PCCT header not found.
[    0.536733] ACPI: bus type PCI registered
[    0.538055] acpiphp: ACPI Hot Plug PCI Controller Driver version: 0.5
[    0.539969] PCI: Using configuration type 1 for base access
[    0.555893] ACPI: Added _OSI(Module Device)
[    0.557973] ACPI: Added _OSI(Processor Device)
[    0.559407] ACPI: Added _OSI(3.0 _SCP Extensions)
[    0.560637] ACPI: Added _OSI(Processor Aggregator Device)
[    0.562870] ACPI: Executed 1 blocks of module-level executable AML code
[    0.566846] ACPI: Interpreter enabled
[    0.568111] ACPI: (supports S0 S5)
[    0.569284] ACPI: Using IOAPIC for interrupt routing
[    0.570810] PCI: Using host bridge windows from ACPI; if necessary, use "pci=nocrs" and report a bug
[    0.576502] ACPI: PCI Root Bridge [PCI0] (domain 0000 [bus 00-ff])
[    0.579770] acpi PNP0A03:00: _OSC: OS supports [ASPM ClockPM Segments MSI]
[    0.582622] acpi PNP0A03:00: _OSC: not requesting OS control; OS requires [ExtendedConfig ASPM ClockPM MSI]
[    0.585078] acpi PNP0A03:00: fail to add MMCONFIG information, can't access extended PCI configuration space under this bridge.
[    0.593217] PCI host bridge to bus 0000:00
[    0.594364] pci_bus 0000:00: root bus resource [io  0x0000-0x0cf7 window]
[    0.596200] pci_bus 0000:00: root bus resource [io  0x0d00-0xffff window]
[    0.597526] pci_bus 0000:00: root bus resource [mem 0x000a0000-0x000bffff window]
[    0.599223] pci_bus 0000:00: root bus resource [mem 0x40000000-0xfdffffff window]
[    0.601831] pci_bus 0000:00: root bus resource [bus 00-ff]
[    0.605828] pci 0000:00:01.1: legacy IDE quirk: reg 0x10: [io  0x01f0-0x01f7]
[    0.607396] pci 0000:00:01.1: legacy IDE quirk: reg 0x14: [io  0x03f6]
[    0.609333] pci 0000:00:01.1: legacy IDE quirk: reg 0x18: [io  0x0170-0x0177]
[    0.618717] pci 0000:00:01.1: legacy IDE quirk: reg 0x1c: [io  0x0376]
[    0.633495] pci 0000:00:07.0: quirk: [io  0x4000-0x403f] claimed by PIIX4 ACPI
[    0.638275] pci 0000:00:07.0: quirk: [io  0x4100-0x410f] claimed by PIIX4 SMB
[    0.650441] ACPI: PCI Interrupt Link [LNKA] (IRQs 5 9 10 *11)
[    0.652315] ACPI: PCI Interrupt Link [LNKB] (IRQs 5 9 *10 11)
[    0.653835] ACPI: PCI Interrupt Link [LNKC] (IRQs 5 *9 10 11)
[    0.655528] ACPI: PCI Interrupt Link [LNKD] (IRQs 5 9 10 *11)
[    0.657661] ACPI: Enabled 2 GPEs in block 00 to 07
[    0.658991] vgaarb: setting as boot device: PCI:0000:00:02.0
[    0.660529] vgaarb: device added: PCI:0000:00:02.0,decodes=io+mem,owns=io+mem,locks=none
[    0.662238] vgaarb: loaded
[    0.662879] vgaarb: bridge control possible 0000:00:02.0
[    0.664184] SCSI subsystem initialized
[    0.665085] ACPI: bus type USB registered
[    0.666005] usbcore: registered new interface driver usbfs
[    0.667122] usbcore: registered new interface driver hub
[    0.668340] usbcore: registered new device driver usb
[    0.669844] PCI: Using ACPI for IRQ routing
[    0.671072] NetLabel: Initializing
[    0.671831] NetLabel:  domain hash size = 128
[    0.672738] NetLabel:  protocols = UNLABELED CIPSOv4
[    0.675170] NetLabel:  unlabeled traffic allowed by default
[    0.678293] amd_nb: Cannot enumerate AMD northbridges
[    0.680323] clocksource: Switched to clocksource kvm-clock
[    0.692428] AppArmor: AppArmor Filesystem Enabled
[    0.693946] pnp: PnP ACPI init
[    0.695779] pnp: PnP ACPI: found 3 devices
[    0.705319] clocksource: acpi_pm: mask: 0xffffff max_cycles: 0xffffff, max_idle_ns: 2085701024 ns
[    0.707856] NET: Registered protocol family 2
[    0.709191] TCP established hash table entries: 8192 (order: 4, 65536 bytes)
[    0.711467] TCP bind hash table entries: 8192 (order: 5, 131072 bytes)
[    0.712846] TCP: Hash tables configured (established 8192 bind 8192)
[    0.714584] UDP hash table entries: 512 (order: 2, 16384 bytes)
[    0.715758] UDP-Lite hash table entries: 512 (order: 2, 16384 bytes)
[    0.717072] NET: Registered protocol family 1
[    0.718034] pci 0000:00:00.0: Limiting direct PCI/PCI transfers
[    0.719835] pci 0000:00:01.0: Activating ISA DMA hang workarounds
[    0.721302] Unpacking initramfs...
[    0.929718] Freeing initrd memory: 14884K
[    0.932018] clocksource: tsc: mask: 0xffffffffffffffff max_cycles: 0x2135f5e6f15, max_idle_ns: 440795231538 ns
[    0.934904] platform rtc_cmos: registered platform RTC device (no PNP device found)
[    0.936590] Scanning for low memory corruption every 60 seconds
[    0.938352] audit: initializing netlink subsys (disabled)
[    0.939509] audit: type=2000 audit(1599211058.449:1): initialized
[    0.941018] Initialise system trusted keyring
[    0.942561] HugeTLB registered 2 MB page size, pre-allocated 0 pages
[    0.945269] zbud: loaded
[    0.946217] VFS: Disk quotas dquot_6.6.0
[    0.947106] VFS: Dquot-cache hash table entries: 512 (order 0, 4096 bytes)
[    0.949131] squashfs: version 4.0 (2009/01/31) Phillip Lougher
[    0.950525] fuse init (API version 7.23)
[    0.951631] Key type big_key registered
[    0.952483] Allocating IMA MOK and blacklist keyrings.
[    0.954650] Key type asymmetric registered
[    0.955586] Asymmetric key parser 'x509' registered
[    0.956639] Block layer SCSI generic (bsg) driver version 0.4 loaded (major 249)
[    0.958711] io scheduler noop registered
[    0.959566] io scheduler deadline registered (default)
[    0.960665] io scheduler cfq registered
[    0.961579] pci_hotplug: PCI Hot Plug PCI Core version: 0.5
[    0.962702] pciehp: PCI Express Hot Plug Controller Driver version: 0.4
[    0.964267] ACPI: AC Adapter [AC] (on-line)
[    0.965590] input: Power Button as /devices/LNXSYSTM:00/LNXPWRBN:00/input/input0
[    0.967385] ACPI: Power Button [PWRF]
[    0.968394] input: Sleep Button as /devices/LNXSYSTM:00/LNXSLPBN:00/input/input1
[    0.969960] ACPI: Sleep Button [SLPF]
[    0.970945] GHES: HEST is not enabled!
[    0.972890] Serial: 8250/16550 driver, 32 ports, IRQ sharing enabled
[    0.995153] 00:02: ttyS0 at I/O 0x3f8 (irq = 4, base_baud = 115200) is a 16550A
[    0.997109] ACPI: Battery Slot [BAT0] (battery present)
[    1.000865] Linux agpgart interface v0.103
[    1.003180] loop: module loaded
[    1.004611] scsi host0: ata_piix
[    1.005489] scsi host1: ata_piix
[    1.006251] ata1: PATA max UDMA/33 cmd 0x1f0 ctl 0x3f6 bmdma 0xd000 irq 14
[    1.007750] ata2: PATA max UDMA/33 cmd 0x170 ctl 0x376 bmdma 0xd008 irq 15
[    1.009372] libphy: Fixed MDIO Bus: probed
[    1.010515] tun: Universal TUN/TAP device driver, 1.6
[    1.011838] tun: (C) 1999-2004 Max Krasnyansky <maxk@qualcomm.com>
[    1.013211] PPP generic driver version 2.4.2
[    1.014625] ehci_hcd: USB 2.0 'Enhanced' Host Controller (EHCI) Driver
[    1.015905] ehci-pci: EHCI PCI platform driver
[    1.016865] ehci-platform: EHCI generic platform driver
[    1.018101] ohci_hcd: USB 1.1 'Open' Host Controller (OHCI) Driver
[    1.019669] ohci-pci: OHCI PCI platform driver
[    1.020643] ohci-platform: OHCI generic platform driver
[    1.021717] uhci_hcd: USB Universal Host Controller Interface driver
[    1.023332] i8042: PNP: PS/2 Controller [PNP0303:PS2K,PNP0f03:PS2M] at 0x60,0x64 irq 1,12
[    1.025996] serio: i8042 KBD port at 0x60,0x64 irq 1
[    1.027045] serio: i8042 AUX port at 0x60,0x64 irq 12
[    1.028657] mousedev: PS/2 mouse device common for all mice
[    1.030518] input: AT Translated Set 2 keyboard as /devices/platform/i8042/serio0/input/input2
[    1.032430] rtc_cmos rtc_cmos: rtc core: registered rtc_cmos as rtc0
[    1.033827] rtc_cmos rtc_cmos: alarms up to one day, 114 bytes nvram
[    1.035229] i2c /dev entries driver
[    1.036071] device-mapper: uevent: version 1.0.3
[    1.037210] device-mapper: ioctl: 4.34.0-ioctl (2015-10-28) initialised: dm-devel@redhat.com
[    1.038980] ledtrig-cpu: registered to indicate activity on CPUs
[    1.040611] NET: Registered protocol family 10
[    1.041916] NET: Registered protocol family 17
[    1.043229] Key type dns_resolver registered
[    1.044587] registered taskstats version 1
[    1.045843] Loading compiled-in X.509 certificates
[    1.047324] Loaded X.509 cert 'Build time autogenerated kernel key: f06b7227f29f55afa9b8968d1b82289d30ebc7c3'
[    1.049738] zswap: loaded using pool lzo/zbud
[    1.052420] Key type trusted registered
[    1.055879] Key type encrypted registered
[    1.057251] AppArmor: AppArmor sha1 policy hashing enabled
[    1.058415] ima: No TPM chip found, activating TPM-bypass!
[    1.059539] ima: Allocated hash algorithm: sha1
[    1.060506] evm: HMAC attrs: 0x1
[    1.061861]   Magic number: 4:989:271
[    1.063134] rtc_cmos rtc_cmos: setting system clock to 2020-09-04 09:17:33 UTC (1599211053)
[    1.065002] BIOS EDD facility v0.16 2004-Jun-25, 0 devices found
[    1.066195] EDD information not available.
[    1.167493] Freeing unused kernel memory: 1492K
[    1.169128] Write protecting the kernel read-only data: 14336k
[    1.170955] Freeing unused kernel memory: 1592K
[    1.172190] Freeing unused kernel memory: 56K
Loading, please wait...
starting version 229
[    1.186495] random: systemd-udevd: uninitialized urandom read (16 bytes read, 3 bits of entropy available)
[    1.187074] random: udevadm: uninitialized urandom read (16 bytes read, 3 bits of entropy available)
[    1.187104] random: udevadm: uninitialized urandom read (16 bytes read, 3 bits of entropy available)
[    1.194660] random: systemd-udevd: uninitialized urandom read (16 bytes read, 3 bits of entropy available)
[    1.195326] random: udevadm: uninitialized urandom read (16 bytes read, 3 bits of entropy available)
[    1.195370] random: udevadm: uninitialized urandom read (16 bytes read, 3 bits of entropy available)
[    1.195491] random: udevadm: uninitialized urandom read (16 bytes read, 3 bits of entropy available)
[    1.195540] random: udevadm: uninitialized urandom read (16 bytes read, 3 bits of entropy available)
[    1.195588] random: udevadm: uninitialized urandom read (16 bytes read, 3 bits of entropy available)
[    1.195645] random: udevadm: uninitialized urandom read (16 bytes read, 3 bits of entropy available)
[    1.255930] e1000: Intel(R) PRO/1000 Network Driver - version 7.3.21-k8-NAPI
[    1.257610] e1000: Copyright (c) 1999-2006 Intel Corporation.
[    1.262438] Fusion MPT base driver 3.04.20
[    1.263396] Copyright (c) 1999-2008 LSI Corporation
[    1.290209] Fusion MPT SPI Host driver 3.04.20
[    1.294044] AVX2 version of gcm_enc/dec engaged.
[    1.295152] AES CTR mode by8 optimization enabled
[    1.502074] input: ImExPS/2 Generic Explorer Mouse as /devices/platform/i8042/serio1/input/input4
[    1.830348] e1000 0000:00:03.0 eth0: (PCI:33MHz:32-bit) 02:98:c6:81:17:55
[    1.832248] e1000 0000:00:03.0 eth0: Intel(R) PRO/1000 Network Connection
[    2.338897] e1000 0000:00:08.0 eth1: (PCI:33MHz:32-bit) 08:00:27:d0:0f:7f
[    2.340657] e1000 0000:00:08.0 eth1: Intel(R) PRO/1000 Network Connection
[    2.342686] mptbase: ioc0: Initiating bringup
[    2.343387] e1000 0000:00:08.0 enp0s8: renamed from eth1
[    2.353329] e1000 0000:00:03.0 enp0s3: renamed from eth0
[    2.416644] ioc0: LSI53C1030 A0: Capabilities={Initiator}
[    2.579808] scsi host2: ioc0: LSI53C1030 A0, FwRev=00000000h, Ports=1, MaxQ=256, IRQ=20
[    2.692938] scsi 2:0:0:0: Direct-Access     VBOX     HARDDISK         1.0  PQ: 0 ANSI: 5
[    2.696102] scsi target2:0:0: Beginning Domain Validation
[    2.700212] scsi target2:0:0: Domain Validation skipping write tests
[    2.702504] scsi target2:0:0: Ending Domain Validation
[    2.705149] scsi target2:0:0: asynchronous
[    2.707262] scsi 2:0:1:0: Direct-Access     VBOX     HARDDISK         1.0  PQ: 0 ANSI: 5
[    2.724514] scsi target2:0:1: Beginning Domain Validation
[    2.728102] scsi target2:0:1: Domain Validation skipping write tests
[    2.729910] scsi target2:0:1: Ending Domain Validation
[    2.731249] scsi target2:0:1: asynchronous
[    2.739120] sd 2:0:0:0: Attached scsi generic sg0 type 0
[    2.740605] sd 2:0:0:0: [sda] 20971520 512-byte logical blocks: (10.7 GB/10.0 GiB)
[    2.743065] sd 2:0:1:0: Attached scsi generic sg1 type 0
[    2.744364] sd 2:0:1:0: [sdb] 20480 512-byte logical blocks: (10.5 MB/10.0 MiB)
[    2.745977] sd 2:0:0:0: [sda] Write Protect is off
[    2.747091] sd 2:0:1:0: [sdb] Write Protect is off
[    2.748105] sd 2:0:0:0: [sda] Incomplete mode parameter data
[    2.749328] sd 2:0:0:0: [sda] Assuming drive cache: write through
[    2.750688] sd 2:0:1:0: [sdb] Incomplete mode parameter data
[    2.752276] sd 2:0:1:0: [sdb] Assuming drive cache: write through
[    2.754838]  sda: sda1
[    2.755773] sd 2:0:1:0: [sdb] Attached SCSI disk
[    2.758009] sd 2:0:0:0: [sda] Attached SCSI disk
Begin: Loading essential drivers ... [    4.065747] md: linear personality registered for level -1
[    4.069588] md: multipath personality registered for level -4
[    4.073311] md: raid0 personality registered for level 0
[    4.077858] md: raid1 personality registered for level 1
[    4.148424] raid6: sse2x1   gen() 12214 MB/s
[    4.217947] raid6: sse2x1   xor()  8847 MB/s
[    4.284850] raid6: sse2x2   gen() 14910 MB/s
[    4.357552] raid6: sse2x2   xor() 10930 MB/s
[    4.426734] raid6: sse2x4   gen() 17375 MB/s
[    4.492858] raid6: sse2x4   xor() 11307 MB/s
[    4.560556] raid6: avx2x1   gen() 21058 MB/s
[    4.628841] raid6: avx2x2   gen() 23319 MB/s
[    4.712400] raid6: avx2x4   gen() 21645 MB/s
[    4.713815] raid6: using algorithm avx2x2 gen() 23319 MB/s
[    4.714959] raid6: using avx2x2 recovery algorithm
[    4.717391] xor: automatically using best checksumming function:
[    4.756529]    avx       : 25516.000 MB/sec
[    4.759326] async_tx: api initialized (async)
[    4.771464] md: raid6 personality registered for level 6
[    4.773038] md: raid5 personality registered for level 5
[    4.774520] md: raid4 personality registered for level 4
[    4.782766] md: raid10 personality registered for level 10
done.
Begin: Running /scripts/init-premount ... done.
Begin: Mounting root file system ... Begin: Running /scripts/local-top ... done.
Begin: Running /scripts/local-premount ... [    4.810719] Btrfs loaded
Scanning for Btrfs filesystems
done.
Warning: fsck not present, so skipping root file system
[    4.877464] EXT4-fs (sda1): mounted filesystem with ordered data mode. Opts: (null)
done.
Begin: Running /scripts/local-bottom ... done.
Begin: Running /scripts/init-bottom ... done.
[    5.278683] systemd[1]: systemd 229 running in system mode. (+PAM +AUDIT +SELINUX +IMA +APPARMOR +SMACK +SYSVINIT +UTMP +LIBCRYPTSETUP +GCRYPT +GNUTLS +ACL +XZ -LZ4 +SECCOMP +BLKID +ELFUTILS +KMOD -IDN)
[    5.282657] systemd[1]: Detected virtualization oracle.
[    5.285644] systemd[1]: Detected architecture x86-64.

Welcome to [1mUbuntu 16.04.7 LTS[0m!

[    5.313998] systemd[1]: Set hostname to <ubuntu>.
[    5.331996] systemd[1]: Initializing machine ID from random generator.
[    5.335004] systemd[1]: Installed transient /etc/machine-id file.
[    5.722683] systemd[1]: Reached target User and Group Name Lookups.
[[0;32m  OK  [0m] Reached target User and Group Name Lookups.
[    5.726881] systemd[1]: Listening on Journal Socket.
[[0;32m  OK  [0m] Listening on Journal Socket.
[    5.731723] systemd[1]: Listening on Syslog Socket.
[[0;32m  OK  [0m] Listening on Syslog Socket.
[    5.736974] systemd[1]: Listening on udev Control Socket.
[[0;32m  OK  [0m] Listening on udev Control Socket.
[    5.741932] systemd[1]: Listening on /dev/initctl Compatibility Named Pipe.
[[0;32m  OK  [0m] Listening on /dev/initctl Compatibility Named Pipe.
[    5.745746] systemd[1]: Set up automount Arbitrary Executable File Formats File System Automount Point.
[[0;32m  OK  [0m] Set up automount Arbitrary Executab...ats File System Automount Point.
[    5.760830] systemd[1]: Listening on LVM2 poll daemon socket.
[[0;32m  OK  [0m] Listening on LVM2 poll daemon socket.
[    5.769393] systemd[1]: Listening on Journal Socket (/dev/log).
[[0;32m  OK  [0m] Listening on Journal Socket (/dev/log).
[    5.776136] systemd[1]: Started Forward Password Requests to Wall Directory Watch.
[[0;32m  OK  [0m] Started Forward Password Requests to Wall Directory Watch.
[    5.780816] systemd[1]: Started Trigger resolvconf update for networkd DNS.
[[0;32m  OK  [0m] Started Trigger resolvconf update for networkd DNS.
[    5.788578] systemd[1]: Reached target System Time Synchronized.
[[0;32m  OK  [0m] Reached target System Time Synchronized.
[    5.791783] systemd[1]: Listening on Journal Audit Socket.
[[0;32m  OK  [0m] Listening on Journal Audit Socket.
[    5.795176] systemd[1]: Reached target Swap.
[[0;32m  OK  [0m] Reached target Swap.
[    5.798726] systemd[1]: Listening on udev Kernel Socket.
[[0;32m  OK  [0m] Listening on udev Kernel Socket.
[    5.802085] systemd[1]: Listening on Device-mapper event daemon FIFOs.
[[0;32m  OK  [0m] Listening on Device-mapper event daemon FIFOs.
[    5.810354] systemd[1]: Created slice User and Session Slice.
[[0;32m  OK  [0m] Created slice User and Session Slice.
[    5.813372] systemd[1]: Reached target Encrypted Volumes.
[[0;32m  OK  [0m] Reached target Encrypted Volumes.
[    5.816542] systemd[1]: Listening on LVM2 metadata daemon socket.
[[0;32m  OK  [0m] Listening on LVM2 metadata daemon socket.
[    5.829637] systemd[1]: Created slice System Slice.
[[0;32m  OK  [0m] Created slice System Slice.
[    5.845280] systemd[1]: Starting Monitoring of LVM2 mirrors, snapshots etc. using dmeventd or progress polling...
[    5.847582] random: nonblocking pool is initialized
         Starting Monitoring of LVM2 mirrors... dmeventd or progress polling...
[    5.857381] systemd[1]: Reached target Slices.
[[0;32m  OK  [0m] Reached target Slices.
[    5.860912] systemd[1]: Starting Set console keymap...
         Starting Set console keymap...
[    5.869374] systemd[1]: Starting Nameserver information manager...
         Starting Nameserver information manager...
[    5.874664] systemd[1]: Starting Uncomplicated firewall...
         Starting Uncomplicated firewall...
[    5.877402] systemd[1]: Mounting POSIX Message Queue File System...
         Mounting POSIX Message Queue File System...
[    5.881091] systemd[1]: Mounting Debug File System...
         Mounting Debug File System...
[    5.883368] systemd[1]: Created slice system-serial\x2dgetty.slice.
[[0;32m  OK  [0m] Created slice system-serial\x2dgetty.slice.
[    5.887279] systemd[1]: Starting Create list of required static device nodes for the current kernel...
         Starting Create list of required st... nodes for the current kernel...
[    5.893861] systemd[1]: Starting Journal Service...
         Starting Journal Service...
[    5.897655] systemd[1]: Mounting Huge Pages File System...
         Mounting Huge Pages File System...
[    5.899984] systemd[1]: Starting Remount Root and Kernel File Systems...
         Starting Remount Root and Kernel File Systems...
[    5.920669] EXT4-fs (sda1): re-mounted. Opts: (null)
[    5.944550] systemd[1]: Starting Load Kernel Modules...
         Starting Load Kernel Modules...
[    5.949195] systemd[1]: Mounted Huge Pages File System.
[[0;32m  OK  [0m] Mounted Huge Pages File System.
[    5.952037] systemd[1]: Mounted POSIX Message Queue File System.
[[0;32m  OK  [0m] Mounted POSIX Message Queue File System.
[    5.955046] systemd[1]: Mounted Debug File System.
[[0;32m  OK  [0m] Mounted Debug File System.
[    5.958172] systemd[1]: Started Uncomplicated firewall.
[[0;32m  OK  [0m] Started Uncomplicated firewall.
[    5.971157] systemd[1]: Started Create list of required static device nodes for the current kernel.
[[0;32m  OK  [0m] Started Create list of required sta...ce nodes for the current kernel.
[    5.977527] systemd[1]: Started Remount Root and Kernel File Systems.
[    5.977562] Loading iSCSI transport class v2.0-870.
[[0;32m  OK  [0m] Started Remount Root and Kernel File Systems.
[    5.999941] iscsi: registered transport (tcp)
[    6.012860] systemd[1]: Started Nameserver information manager.
[[0;32m  OK  [0m] Started Nameserver information manager.
[    6.025901] systemd[1]: Started Set console keymap.
[[0;32m  OK  [0m] Started Set console keymap.
[    6.055987] systemd[1]: Started Journal Service.
[[0;32m  OK  [0m] Started Journal Service.
[[0;32m  OK  [[    6.090887] iscsi: registered transport (iser)
0m] Started LVM2 metadata daemon.
         Starting Load/Save Random Seed...
         Starting Flush Journal to Persistent Storage...
         Starting udev Coldplug all Devices...
         Starting Create Static Device Nodes in /dev...
[[0;32m  OK  [0m] Started Load Kernel Modules.
[[0;32m  OK  [0m] Started Load/Save Random Seed.
         Starting Apply Kernel Variables...
         Mounting FUSE Control File System...
[[0;32m  OK  [0m] Mounted FUSE Control File System.
[    6.155262] systemd-journald[385]: Received request to flush runtime journal from PID 1
[[0;32m  OK  [0m] Started Flush Journal to Persistent Storage.
[[0;32m  OK  [0m] Started Apply Kernel Variables.
[[0;32m  OK  [0m] Started Create Static Device Nodes in /dev.
         Starting udev Kernel Device Manager...
[[0;32m  OK  [0m] Started udev Coldplug all Devices.
[[0;32m  OK  [0m] Started udev Kernel Device Manager.
[[0;32m  OK  [0m] Started Dispatch Password Requests to Console Directory Watch.
[[0;32m  OK  [0m] Started Monitoring of LVM2 mirrors,...ng dmeventd or progress polling.
[[0;32m  OK  [0m] Reached target Local File Systems (Pre).
[[0;32m  OK  [0m] Reached target Local File Systems.
         Starting Tell Plymouth To Write Out Runtime Data...
         Starting Initial cloud-init job (pre-networking)...
         Starting Commit a transient machine-id on disk...
         Starting Set console font and keymap...
         Starting Create Volatile Files and Directories...
         Starting LSB: AppArmor initialization...
[[0;32m  OK  [0m] Started Tell Plymouth To Write Out Runtime Data.
[[0;32m  OK  [0m] Started Commit a transient machine-id on disk.
[[0;32m  OK  [0m] Started Create Volatile Files and Directories.
         Starting Update UTMP about System Boot/Shutdown...
[[0;32m  OK  [0m] Started Update UTMP about System Boot/Shutdown.
[[0;32m  OK  [0m] Found device /dev/ttyS0.
[[0;32m  OK  [0m] Listening on Load/Save RF Kill Switch Status /dev/rfkill Watch.
[[0;32m  OK  [0m] Started Set console font and keymap.
[[0;32m  OK  [0m] Created slice system-getty.slice.
[[0;32m  OK  [0m] Started LSB: AppArmor initialization.
         Starting Load AppArmor profiles managed internally by snapd...
[[0;32m  OK  [0m] Started Load AppArmor profiles managed internally by snapd.
[    9.382338] cloud-init[483]: Cloud-init v. 20.2-45-g5f7825e2-0ubuntu1~16.04.1 running 'init-local' at Fri, 04 Sep 2020 09:17:41 +0000. Up 8.69 seconds.
[[0;32m  OK  [0m] Started Initial cloud-init job (pre-networking).
[[0;32m  OK  [0m] Reached target Network (Pre).
         Starting Raise network interfaces...
[[0;32m  OK  [0m] Started Raise network interfaces.
         Starting Initial cloud-init job (metadata service crawler)...
[[0;32m  OK  [0m] Reached target Network.
[   10.513811] cloud-init[968]: Cloud-init v. 20.2-45-g5f7825e2-0ubuntu1~16.04.1 running 'init' at Fri, 04 Sep 2020 09:17:42 +0000. Up 9.95 seconds.
[   10.517422] cloud-init[968]: ci-info: ++++++++++++++++++++++++++++++++++++++Net device info+++++++++++++++++++++++++++++++++++++++
[   10.519645] cloud-init[968]: ci-info: +--------+-------+----------------------------+---------------+--------+-------------------+
[   10.521680] cloud-init[968]: ci-info: | Device |   Up  |          Address           |      Mask     | Scope  |     Hw-Address    |
[   10.523730] cloud-init[968]: ci-info: +--------+-------+----------------------------+---------------+--------+-------------------+
[   10.525860] cloud-init[968]: ci-info: | enp0s3 |  True |         10.0.2.15          | 255.255.255.0 | global | 02:98:c6:81:17:55 |
[   10.528084] cloud-init[968]: ci-info: | enp0s3 |  True | fe80::98:c6ff:fe81:1755/64 |       .       |  link  | 02:98:c6:81:17:55 |
[   10.530334] cloud-init[968]: ci-info: | enp0s8 | False |             .              |       .       |   .    | 08:00:27:d0:0f:7f |
[   10.532475] cloud-init[968]: ci-info: |   lo   |  True |         127.0.0.1          |   255.0.0.0   |  host  |         .         |
[   10.534599] cloud-init[968]: ci-info: |   lo   |  True |          ::1/128           |       .       |  host  |         .         |
[   10.540311] cloud-init[968]: ci-info: +--------+-------+----------------------------+---------------+--------+-------------------+
[   10.543061] cloud-init[968]: ci-info: +++++++++++++++++++++++++++Route IPv4 info++++++++++++++++++++++++++++
[   10.545471] cloud-init[968]: ci-info: +-------+-------------+----------+---------------+-----------+-------+
[   10.546869] cloud-init[968]: ci-info: | Route | Destination | Gateway  |    Genmask    | Interface | Flags |
[   10.548262] cloud-init[968]: ci-info: +-------+-------------+----------+---------------+-----------+-------+
[   10.550659] cloud-init[968]: ci-info: |   0   |   0.0.0.0   | 10.0.2.2 |    0.0.0.0    |   enp0s3  |   UG  |
[   10.553049] cloud-init[968]: ci-info: |   1   |   10.0.2.0  | 0.0.0.0  | 255.255.255.0 |   enp0s3  |   U   |
[   10.555410] cloud-init[968]: ci-info: +-------+-------------+----------+---------------+-----------+-------+
[   10.557906] cloud-init[968]: ci-info: +++++++++++++++++++Route IPv6 info+++++++++++++++++++
[   10.560043] cloud-init[968]: ci-info: +-------+-------------+---------+-----------+-------+
[   10.562113] cloud-init[968]: ci-info: | Route | Destination | Gateway | Interface | Flags |
[   10.564232] cloud-init[968]: ci-info: +-------+-------------+---------+-----------+-------+
[   10.566338] cloud-init[968]: ci-info: |   0   |  fe80::/64  |    ::   |   enp0s3  |   U   |
[   10.568013] cloud-init[968]: ci-info: |   3   |   ff00::/8  |    ::   |   enp0s3  |   U   |
[   10.569591] cloud-init[968]: ci-info: +-------+-------------+---------+-----------+-------+
[   10.571212] cloud-init[968]: Generating public/private rsa key pair.
[   10.572725] cloud-init[968]: Your identification has been saved in /etc/ssh/ssh_host_rsa_key.
[   10.574249] cloud-init[968]: Your public key has been saved in /etc/ssh/ssh_host_rsa_key.pub.
[   10.575820] cloud-init[968]: The key fingerprint is:
[   10.576960] cloud-init[968]: SHA256:ORSpVb7bg/fRTTaPkPfc36K69930PU1IRPA753ECPcg root@ubuntu-xenial
[   10.578820] cloud-init[968]: The key's randomart image is:
[   10.580108] cloud-init[968]: +---[RSA 2048]----+
[   10.581114] cloud-init[968]: |        .o. .o.  |
[   10.582053] cloud-init[968]: |        oo . +.  |
[   10.582877] cloud-init[968]: |       o. . E.+  |
[   10.583844] cloud-init[968]: |      .. . . o.o |
[   10.584932] cloud-init[968]: |        S . o.=+=|
[   10.585765] cloud-init[968]: |         . + o.%O|
[   10.586568] cloud-init[968]: |          o + o.@|
[   10.587416] cloud-init[968]: |           ..o.=B|
[   10.588268] cloud-init[968]: |          o+.oo.O|
[   10.589008] cloud-init[968]: +----[SHA256]-----+
[   10.590425] cloud-init[968]: Generating public/private dsa key pair.
[   10.592374] cloud-init[968]: Your identification has been saved in /etc/ssh/ssh_host_dsa_key.
[   10.593985] cloud-init[968]: Your public key has been saved in /etc/ssh/ssh_host_dsa_key.pub.
[   10.595556] cloud-init[968]: The key fingerprint is:
[   10.597206] cloud-init[968]: SHA256:ahhz54mV97Msutl1N6bCRo/NpBhcXnNrmx9j7a+rKkM root@ubuntu-xenial
[   10.598756] cloud-init[968]: The key's randomart image is:
[   10.599800] cloud-init[968]: +---[DSA 1024]----+
[[0;32m  OK  [0m] Started Initial cloud-init job (metadata service crawler).
[[0;32m  OK  [0m] Reached target Network is Online.
[   10.601292] cloud-init[968]: |                 |
[   10.604967] cloud-init[968]: |                 |
[   10.606331] cloud-init[968]: |                 |
[   10.607255] cloud-init[968]: |         . . o . |
[   10.608337] cloud-init[968]: |    o . S + . o .|
[   10.609223] cloud-init[968]: |     = *E= + . o.|
[   10.610284] cloud-init[968]: |    . +.o = @ o*=|
[   10.611342] cloud-init[968]: |     .  o+.O B+=+|
         Starting iSCSI initiator daemon (iscsid)...
[[0;32m  OK  [0m] Reached target System Initialization.
[   10.613237] cloud-init[968]: |        +=+o=ooo*|
[   10.617008] [[0;32m  OK  [0m] Started ACPI Events Check.
[[0;32m  OK  [0m] Reached target Paths.
[[0;32m  OK  [0m] Started Daily Cleanup of Temporary Directories.
[[0;32m  OK  [0m] Listening on UUID daemon activation socket.
cloud-init[968]: +----[SHA256]-----+
[   10.621318] [[0;32m  OK  [0m] Started Daily apt download activities.
cloud-init[968]: Generating public/private ecdsa key pair.
[   10.623239] [[0;32m  OK  [0m] Started Daily apt upgrade and clean activities.
cloud-init[968]: Your identification has been saved in /etc/ssh/ssh_host_ecdsa_key.
[   10.625529]          Starting LXD - unix socket.
[[0;32m  OK  [0m] Listening on ACPID Listen Socket.
[[0;32m  OK  [0m] Started Message of the Day.
[[0;32m  OK  [0m] Listening on D-Bus System Message Bus Socket.
         Starting Socket activation for snappy daemon.
[[0;32m  OK  [0m] Reached target Timers.
[[0;32m  OK  [0m] Reached target Cloud-config availability.
[[0;32m  OK  [0m] Listening on LXD - unix socket.
[[0;32m  OK  [0m] Listening on Socket activation for snappy daemon.
[[0;32m  OK  [0m] Reached target Sockets.
[[0;32m  OK  [0m] Reached target Basic System.
cloud-init         Starting Pollinate to seed the pseudo random number generator...
[968]: Your public key has been saved in /etc/ssh/ssh_host_ecdsa_key.pub.
[   10.640519] [[0;32m  OK  [0m] Started Regular background program processing daemon.
[[0;32m  OK  [0m] Started FUSE filesystem for LXC.
cloud-init[968]: The key fingerprint is:
[   10.644232] cloud-init[968]: SHA256:JRXS/4ZuXmItd8F0FvI8VwJeHaSWk9SBlr0NUtNoG4Q root@ubuntu-xenial
[[0;32m  OK  [0m] Started ACPI event daemon.
[[0;32m  OK  [0m] Started Deferred execution scheduler.
         Starting Login Service...
[   10.647345] cloud-init[968]: The key's randomart image is:
         Starting Virtualbox guest utils...
         Starting Accounts Service...
         Starting /etc/rc.local Compatibility...
[   10.670114] cloud-init[968]: +---[ECDSA 256]---+
[   10.674516]          Starting LXD - container startup/shutdown...
         Starting LSB: MD monitoring daemon...
[[0;32m  OK  [0m] Started D-Bus System Message Bus.
cloud-init[968]: |        ..o..B%O+|
[   10.682703] cloud-init[968]: |         o..E=%==|
[   10.688490] cloud-init[968]: |        . ..oO O*|
[   10.696536] cloud-init[968]: |         o  o =o=|
[   10.697736] cloud-init[968]: |        S    o o |
[   10.698667] cloud-init[968]: |            ..o .|
[   10.700249] cloud-init[968]: |           .+.+ .|
[   10.701284] cloud-init[968]: |           .o= . |
[   10.701968] cloud-init[968]: |           o.    |
[   10.702833] cloud-init[968]: +----[SHA256]-----+
[   10.708718] cloud-init[968]: Generating public/private ed25519 key pair.
[   10.710848] cloud-init[968]: Your identification has been saved in /etc/ssh/ssh_host_ed25519_key.
[   10.712852] cloud-init[968]: Your public key has been saved in /etc/ssh/ssh_host_ed25519_key.pub.
[   10.714846] cloud-init[968]: The key fingerprint is:
[   10.715773] cloud-init[968]: SHA256:gGyJfgBbsm44PW6LakCoHr7Ew1/tHtUTwmTj0IKzgOQ root@ubuntu-xenial
[   10.718370] cloud-init[968]: The key's randomart image is:
[   10.719370] cloud-init[968]: +--[ED25519 256]--+
[   10.720245] cloud-init[968]: |+.o   ...+       |
[   10.721506] cloud-init[968]: |.B + = .*..      |
[   10.722978] cloud-init[968]: |+Eo * + .+ .     |
[   10.725626] cloud-init[968]: |++ o . .  o .    |
[   10.732981] cloud-init[968]: |=o+ .   S. o     |
[   10.734221] cloud-init[968]: |*+ o  . .   .    |
[   10.735394] cloud-init[968]: |+=+  . o         |
[   10.736612] cloud-init[968]: |.*o.. . .        |
[   10.738426] cloud-init[968]: |=.o.  .o         |
[   10.741583] cloud-init[968]: +----[SHA256]-----+
         Starting LSB: Record successful boot for GRUB...
         Starting System Logging Service...
         Starting Snap Daemon...
[[0;32m  OK  [0m] Started /etc/rc.local Compatibility.
[[0;32m  OK  [0m] Started Login Service.
[[0;32m  OK  [0m] Started Unattended Upgrades Shutdown.
         Starting Authenticate and Authorize Users to Run Privileged Tasks...
[[0;32m  OK  [0m] Started iSCSI initiator daemon (iscsid).
         Starting Login to default iSCSI targets...
[[0;32m  OK  [0m] Started LSB: MD monitoring daemon.
[[0;32m  OK  [0m] Started LSB: Record successful boot for GRUB.
[[0;32m  OK  [0m] Started Login to default iSCSI targets.
[[0;32m  OK  [0m] Started System Logging Service.
[[0;32m  OK  [0m] Reached target Remote File Systems (Pre).
[[0;32m  OK  [0m] Reached target Remote File Systems.
         Starting LSB: daemon to balance interrupts for SMP systems...
         Starting LSB: automatic crash report generation...
         Starting Permit User Sessions...
         Starting LSB: Set the CPU Frequency Scaling governor to "ondemand"...
[[0;32m  OK  [0m] Started Authenticate and Authorize Users to Run Privileged Tasks.
[[0;32m  OK  [0m] Started Accounts Service.
[[0;32m  OK  [0m] Started LSB: Set the CPU Frequency Scaling governor to "ondemand".
[[0;32m  OK  [0m] Started Permit User Sessions.
         Starting Hold until boot process finishes up...
         Starting Terminate Plymouth Boot Screen...
[[0;32m  OK  [0m] Started Hold until boot process finishes up.
         Starting Set console scheme...
[[0;32m  OK  [0m] Started Serial Getty on ttyS0.
[[0;32m  OK  [0m] Started Getty on tty1.
[[0;32m  OK  [0m] Reached target Login Prompts.
[[0;32m  OK  [0m] Started Virtualbox guest utils.
[[0;32m  OK  [0m] Started Terminate Plymouth Boot Screen.
[[0;32m  OK  [0m] Started Set console scheme.
[[0;32m  OK  [0m] Started LSB: automatic crash report generation.
[[0;32m  OK  [0m] Started LSB: daemon to balance interrupts for SMP systems.
[[0;32m  OK  [0m] Started LXD - container startup/shutdown.
[[0;32m  OK  [0m] Started Snap Daemon.
         Starting Wait until snapd is fully seeded...
[[0;32m  OK  [0m] Started Pollinate to seed the pseudo random number generator.
         Starting OpenBSD Secure Shell server...
[[0;32m  OK  [0m] Started OpenBSD Secure Shell server.
[[0;32m  OK  [0m] Created slice User Slice of vagrant.
         Starting User Manager for UID 1000...
[[0;32m  OK  [0m] Started Session 1 of user vagrant.
[[0;32m  OK  [0m] Started User Manager for UID 1000.
[[0;32m  OK  [0m] Started Session 2 of user vagrant.
         Starting Hostname Service...
[[0;32m  OK  [0m] Started Hostname Service.

Ubuntu 16.04.7 LTS webserver2 ttyS0

webserver2 login: [   18.653944] cloud-init[1945]: Generating locales (this might take a while)...
[   19.355475] cloud-init[1945]:   en_US.UTF-8... done
[   19.357779] cloud-init[1945]: Generation complete.
[   19.814382] cloud-init[1945]: Cloud-init v. 20.2-45-g5f7825e2-0ubuntu1~16.04.1 running 'modules:config' at Fri, 04 Sep 2020 09:17:51 +0000. Up 18.48 seconds.
ci-info: no authorized SSH keys fingerprints found for user ubuntu.
<14>Sep  4 09:17:52 ec2: 
<14>Sep  4 09:17:52 ec2: #############################################################
<14>Sep  4 09:17:52 ec2: -----BEGIN SSH HOST KEY FINGERPRINTS-----
<14>Sep  4 09:17:52 ec2: 1024 SHA256:ahhz54mV97Msutl1N6bCRo/NpBhcXnNrmx9j7a+rKkM root@ubuntu-xenial (DSA)
<14>Sep  4 09:17:52 ec2: 256 SHA256:JRXS/4ZuXmItd8F0FvI8VwJeHaSWk9SBlr0NUtNoG4Q root@ubuntu-xenial (ECDSA)
<14>Sep  4 09:17:52 ec2: 256 SHA256:gGyJfgBbsm44PW6LakCoHr7Ew1/tHtUTwmTj0IKzgOQ root@ubuntu-xenial (ED25519)
<14>Sep  4 09:17:52 ec2: 2048 SHA256:ORSpVb7bg/fRTTaPkPfc36K69930PU1IRPA753ECPcg root@ubuntu-xenial (RSA)
<14>Sep  4 09:17:52 ec2: -----END SSH HOST KEY FINGERPRINTS-----
<14>Sep  4 09:17:52 ec2: #############################################################
-----BEGIN SSH HOST KEY KEYS-----
ecdsa-sha2-nistp256 AAAAE2VjZHNhLXNoYTItbmlzdHAyNTYAAAAIbmlzdHAyNTYAAABBBFuyqpPJnaxV1gCb0vL7bENX+9oMwrbtcJeJDZxYgK6wg3sSPI0Vp0XWFX022d/y4pjnIju6ku5BzMWvAwdcWu0= root@ubuntu-xenial
ssh-ed25519 AAAAC3NzaC1lZDI1NTE5AAAAIBWvuFno505+Inzm4K+CtTwDlQexWGlwMibWKINMTqzN root@ubuntu-xenial
ssh-rsa AAAAB3NzaC1yc2EAAAADAQABAAABAQCZIPL2L1+knVkpv00dLShwBcB/auxtXBX64qrzxwQqJqaGACwVdt42isfPItbB7NsSIflZNyMcdSCYC7NcJt3UOOGT1re4CMNhbujlQvpZb0Y4k8dIFrx154vSwjbwR7/lPojY/EhHoa9Qtuf8OTlqpo43LjIfxQXXAgFnofki/DLx54617c6NaQdTeVlTUCcMY+LEyw0jtZIyRuCSz0BjBmcwwThXF3S+UdQFnDbrQ2rJf0aPlIfEQRQi5SMCyl+jxEbSdsDKjpn2azpStoLqALHoKOYqiLtmeUNR7Sc075Fti6P5UWvlqWvEpLtYWqVgcLsfSbfy+//PSSgfcgUx root@ubuntu-xenial
-----END SSH HOST KEY KEYS-----
[   20.247965] cloud-init[2076]: Cloud-init v. 20.2-45-g5f7825e2-0ubuntu1~16.04.1 running 'modules:final' at Fri, 04 Sep 2020 09:17:52 +0000. Up 20.11 seconds.
[   20.248266] cloud-init[2076]: ci-info: no authorized SSH keys fingerprints found for user ubuntu.
[   20.249200] cloud-init[2076]: Cloud-init v. 20.2-45-g5f7825e2-0ubuntu1~16.04.1 finished at Fri, 04 Sep 2020 09:17:52 +0000. Datasource DataSourceNoCloud [seed=/dev/sdb][dsmode=net].  Up 20.24 seconds
