[    0.000000] Initializing cgroup subsys cpuset
[    0.000000] Initializing cgroup subsys cpu
[    0.000000] Initializing cgroup subsys cpuacct
[    0.000000] Linux version 4.4.0-190-generic (buildd@lcy01-amd64-026) (gcc version 5.4.0 20160609 (Ubuntu 5.4.0-6ubuntu1~16.04.12) ) #220-Ubuntu SMP Fri Aug 28 23:02:15 UTC 2020 (Ubuntu 4.4.0-190.220-generic 4.4.233)
[    0.000000] Command line: BOOT_IMAGE=/boot/vmlinuz-4.4.0-190-generic root=LABEL=cloudimg-rootfs ro console=tty1 console=ttyS0
[    0.000000] KERNEL supported cpus:
[    0.000000]   Intel GenuineIntel
[    0.000000]   AMD AuthenticAMD
[    0.000000]   Centaur CentaurHauls
[    0.000000] x86/fpu: xstate_offset[2]:  576, xstate_sizes[2]:  256
[    0.000000] x86/fpu: Supporting XSAVE feature 0x01: 'x87 floating point registers'
[    0.000000] x86/fpu: Supporting XSAVE feature 0x02: 'SSE registers'
[    0.000000] x86/fpu: Supporting XSAVE feature 0x04: 'AVX registers'
[    0.000000] x86/fpu: Enabled xstate features 0x7, context size is 832 bytes, using 'standard' format.
[    0.000000] e820: BIOS-provided physical RAM map:
[    0.000000] BIOS-e820: [mem 0x0000000000000000-0x000000000009fbff] usable
[    0.000000] BIOS-e820: [mem 0x000000000009fc00-0x000000000009ffff] reserved
[    0.000000] BIOS-e820: [mem 0x00000000000f0000-0x00000000000fffff] reserved
[    0.000000] BIOS-e820: [mem 0x0000000000100000-0x000000003ffeffff] usable
[    0.000000] BIOS-e820: [mem 0x000000003fff0000-0x000000003fffffff] ACPI data
[    0.000000] BIOS-e820: [mem 0x00000000fec00000-0x00000000fec00fff] reserved
[    0.000000] BIOS-e820: [mem 0x00000000fee00000-0x00000000fee00fff] reserved
[    0.000000] BIOS-e820: [mem 0x00000000fffc0000-0x00000000ffffffff] reserved
[    0.000000] NX (Execute Disable) protection: active
[    0.000000] SMBIOS 2.5 present.
[    0.000000] Hypervisor detected: KVM
[    0.000000] e820: last_pfn = 0x3fff0 max_arch_pfn = 0x400000000
[    0.000000] MTRR: Disabled
[    0.000000] x86/PAT: MTRRs disabled, skipping PAT initialization too.
[    0.000000] CPU MTRRs all blank - virtualized system.
[    0.000000] x86/PAT: Configuration [0-7]: WB  WT  UC- UC  WB  WT  UC- UC  
[    0.000000] found SMP MP-table at [mem 0x0009fff0-0x0009ffff] mapped at [ffff88000009fff0]
[    0.000000] Scanning 1 areas for low memory corruption
[    0.000000] RAMDISK: [mem 0x362e0000-0x37167fff]
[    0.000000] ACPI: Early table checksum verification disabled
[    0.000000] ACPI: RSDP 0x00000000000E0000 000024 (v02 VBOX  )
[    0.000000] ACPI: XSDT 0x000000003FFF0030 00003C (v01 VBOX   VBOXXSDT 00000001 ASL  00000061)
[    0.000000] ACPI: FACP 0x000000003FFF00F0 0000F4 (v04 VBOX   VBOXFACP 00000001 ASL  00000061)
[    0.000000] ACPI: DSDT 0x000000003FFF0470 002325 (v02 VBOX   VBOXBIOS 00000002 INTL 20100528)
[    0.000000] ACPI: FACS 0x000000003FFF0200 000040
[    0.000000] ACPI: FACS 0x000000003FFF0200 000040
[    0.000000] ACPI: APIC 0x000000003FFF0240 00005C (v02 VBOX   VBOXAPIC 00000001 ASL  00000061)
[    0.000000] ACPI: SSDT 0x000000003FFF02A0 0001CC (v01 VBOX   VBOXCPUT 00000002 INTL 20100528)
[    0.000000] No NUMA configuration found
[    0.000000] Faking a node at [mem 0x0000000000000000-0x000000003ffeffff]
[    0.000000] NODE_DATA(0) allocated [mem 0x3ffeb000-0x3ffeffff]
[    0.000000] kvm-clock: Using msrs 4b564d01 and 4b564d00
[    0.000000] kvm-clock: cpu 0, msr 0:3ffe3001, primary cpu clock
[    0.000000] kvm-clock: using sched offset of 3537998243 cycles
[    0.000000] clocksource: kvm-clock: mask: 0xffffffffffffffff max_cycles: 0x1cd42e4dffb, max_idle_ns: 881590591483 ns
[    0.000000] Zone ranges:
[    0.000000]   DMA      [mem 0x0000000000001000-0x0000000000ffffff]
[    0.000000]   DMA32    [mem 0x0000000001000000-0x000000003ffeffff]
[    0.000000]   Normal   empty
[    0.000000]   Device   empty
[    0.000000] Movable zone start for each node
[    0.000000] Early memory node ranges
[    0.000000]   node   0: [mem 0x0000000000001000-0x000000000009efff]
[    0.000000]   node   0: [mem 0x0000000000100000-0x000000003ffeffff]
[    0.000000] Initmem setup node 0 [mem 0x0000000000001000-0x000000003ffeffff]
[    0.000000] ACPI: PM-Timer IO Port: 0x4008
[    0.000000] IOAPIC[0]: apic_id 2, version 32, address 0xfec00000, GSI 0-23
[    0.000000] ACPI: INT_SRC_OVR (bus 0 bus_irq 0 global_irq 2 dfl dfl)
[    0.000000] ACPI: INT_SRC_OVR (bus 0 bus_irq 9 global_irq 9 low level)
[    0.000000] Using ACPI (MADT) for SMP configuration information
[    0.000000] smpboot: Allowing 2 CPUs, 0 hotplug CPUs
[    0.000000] PM: Registered nosave memory: [mem 0x00000000-0x00000fff]
[    0.000000] PM: Registered nosave memory: [mem 0x0009f000-0x0009ffff]
[    0.000000] PM: Registered nosave memory: [mem 0x000a0000-0x000effff]
[    0.000000] PM: Registered nosave memory: [mem 0x000f0000-0x000fffff]
[    0.000000] e820: [mem 0x40000000-0xfebfffff] available for PCI devices
[    0.000000] Booting paravirtualized kernel on KVM
[    0.000000] clocksource: refined-jiffies: mask: 0xffffffff max_cycles: 0xffffffff, max_idle_ns: 7645519600211568 ns
[    0.000000] setup_percpu: NR_CPUS:512 nr_cpumask_bits:512 nr_cpu_ids:2 nr_node_ids:1
[    0.000000] PERCPU: Embedded 33 pages/cpu @ffff88003fc00000 s95512 r8192 d31464 u1048576
[    0.000000] Built 1 zonelists in Node order, mobility grouping on.  Total pages: 257912
[    0.000000] Policy zone: DMA32
[    0.000000] Kernel command line: BOOT_IMAGE=/boot/vmlinuz-4.4.0-190-generic root=LABEL=cloudimg-rootfs ro console=tty1 console=ttyS0
[    0.000000] PID hash table entries: 4096 (order: 3, 32768 bytes)
[    0.000000] Memory: 997664K/1048120K available (8636K kernel code, 1337K rwdata, 4040K rodata, 1492K init, 1296K bss, 50456K reserved, 0K cma-reserved)
[    0.000000] SLUB: HWalign=64, Order=0-3, MinObjects=0, CPUs=2, Nodes=1
[    0.000000] Kernel/User page tables isolation: enabled
[    0.000000] Hierarchical RCU implementation.
[    0.000000] 	Build-time adjustment of leaf fanout to 64.
[    0.000000] 	RCU restricting CPUs from NR_CPUS=512 to nr_cpu_ids=2.
[    0.000000] RCU: Adjusting geometry for rcu_fanout_leaf=64, nr_cpu_ids=2
[    0.000000] NR_IRQS:33024 nr_irqs:440 16
[    0.000000] Console: colour VGA+ 80x25
[    0.000000] console [tty1] enabled
[    0.000000] console [ttyS0] enabled
[    0.000000] tsc: Detected 2304.000 MHz processor
[    0.180496] Calibrating delay loop (skipped) preset value.. 4608.00 BogoMIPS (lpj=9216000)
[    0.183065] pid_max: default: 32768 minimum: 301
[    0.184560] ACPI: Core revision 20150930
[    0.186716] ACPI: 2 ACPI AML tables successfully acquired and loaded
[    0.188992] Security Framework initialized
[    0.190238] Yama: becoming mindful.
[    0.191420] AppArmor: AppArmor initialized
[    0.192810] Dentry cache hash table entries: 131072 (order: 8, 1048576 bytes)
[    0.196424] Inode-cache hash table entries: 65536 (order: 7, 524288 bytes)
[    0.198852] Mount-cache hash table entries: 2048 (order: 2, 16384 bytes)
[    0.200980] Mountpoint-cache hash table entries: 2048 (order: 2, 16384 bytes)
[    0.203235] Initializing cgroup subsys io
[    0.204589] Initializing cgroup subsys memory
[    0.205980] Initializing cgroup subsys devices
[    0.207614] Initializing cgroup subsys freezer
[    0.209298] Initializing cgroup subsys net_cls
[    0.210872] Initializing cgroup subsys perf_event
[    0.212432] Initializing cgroup subsys net_prio
[    0.214061] Initializing cgroup subsys hugetlb
[    0.215596] Initializing cgroup subsys pids
[    0.232010] mce: CPU supports 0 MCE banks
[    0.233573] Last level iTLB entries: 4KB 64, 2MB 8, 4MB 8
[    0.235396] Last level dTLB entries: 4KB 64, 2MB 0, 4MB 0, 1GB 4
[    0.237369] Spectre V1 : Mitigation: usercopy/swapgs barriers and __user pointer sanitization
[    0.240514] Spectre V2 : Mitigation: Full generic retpoline
[    0.242328] Spectre V2 : Spectre v2 / SpectreRSB mitigation: Filling RSB on context switch
[    0.245171] Speculative Store Bypass: Vulnerable
[    0.247000] SRBDS: Unknown: Dependent on hypervisor status
[    0.249083] MDS: Mitigation: Clear CPU buffers
[    0.254643] Freeing SMP alternatives memory: 36K
[    0.272284] ftrace: allocating 32339 entries in 127 pages
[    0.362472] smpboot: APIC(0) Converting physical 0 to logical package 0
[    0.364531] smpboot: Max logical packages: 1
[    0.366274] x2apic enabled
[    0.368043] Switched APIC routing to physical x2apic.
[    0.370615] ..TIMER: vector=0x30 apic1=0 pin1=2 apic2=-1 pin2=-1
[    0.480331] APIC calibration not consistent with PM-Timer: 98ms instead of 100ms
[    0.482865] APIC delta adjusted to PM-Timer: 6243126 (6180181)
[    0.484188] smpboot: CPU0: Intel(R) Core(TM) i5-7360U CPU @ 2.30GHz (family: 0x6, model: 0x8e, stepping: 0x9)
[    0.486337] Performance Events: unsupported p6 CPU model 142 no PMU driver, software events only.
[    0.500517] KVM setup paravirtual spinlock
[    0.502738] x86: Booting SMP configuration:
[    0.504060] .... node  #0, CPUs:      #1
[    0.505049] kvm-clock: cpu 1, msr 0:3ffe3041, secondary cpu clock
[    0.518367] mce: CPU supports 0 MCE banks
[    0.521064] x86: Booted up 1 node, 2 CPUs
[    0.522443] smpboot: Total of 2 processors activated (9216.00 BogoMIPS)
[    0.525098] devtmpfs: initialized
[    0.527423] evm: security.selinux
[    0.528157] evm: security.SMACK64
[    0.529063] evm: security.SMACK64EXEC
[    0.530000] evm: security.SMACK64TRANSMUTE
[    0.530850] evm: security.SMACK64MMAP
[    0.531631] evm: security.ima
[    0.532300] evm: security.capability
[    0.533364] clocksource: jiffies: mask: 0xffffffff max_cycles: 0xffffffff, max_idle_ns: 7645041785100000 ns
[    0.535584] futex hash table entries: 512 (order: 3, 32768 bytes)
[    0.537885] pinctrl core: initialized pinctrl subsystem
[    0.539016] RTC time:  9:23:49, date: 10/05/20
[    0.540495] NET: Registered protocol family 16
[    0.552821] cpuidle: using governor ladder
[    0.568586] cpuidle: using governor menu
[    0.571322] PCCT header not found.
[    0.572880] ACPI: bus type PCI registered
[    0.574121] acpiphp: ACPI Hot Plug PCI Controller Driver version: 0.5
[    0.576053] PCI: Using configuration type 1 for base access
[    0.590113] ACPI: Added _OSI(Module Device)
[    0.592240] ACPI: Added _OSI(Processor Device)
[    0.593695] ACPI: Added _OSI(3.0 _SCP Extensions)
[    0.595315] ACPI: Added _OSI(Processor Aggregator Device)
[    0.597812] ACPI: Executed 1 blocks of module-level executable AML code
[    0.601282] ACPI: Interpreter enabled
[    0.602209] ACPI: (supports S0 S5)
[    0.603519] ACPI: Using IOAPIC for interrupt routing
[    0.605079] PCI: Using host bridge windows from ACPI; if necessary, use "pci=nocrs" and report a bug
[    0.612501] ACPI: PCI Root Bridge [PCI0] (domain 0000 [bus 00-ff])
[    0.614150] acpi PNP0A03:00: _OSC: OS supports [ASPM ClockPM Segments MSI]
[    0.616625] acpi PNP0A03:00: _OSC: not requesting OS control; OS requires [ExtendedConfig ASPM ClockPM MSI]
[    0.619409] acpi PNP0A03:00: fail to add MMCONFIG information, can't access extended PCI configuration space under this bridge.
[    0.622563] PCI host bridge to bus 0000:00
[    0.623576] pci_bus 0000:00: root bus resource [io  0x0000-0x0cf7 window]
[    0.625078] pci_bus 0000:00: root bus resource [io  0x0d00-0xffff window]
[    0.626383] pci_bus 0000:00: root bus resource [mem 0x000a0000-0x000bffff window]
[    0.627932] pci_bus 0000:00: root bus resource [mem 0x40000000-0xfdffffff window]
[    0.630195] pci_bus 0000:00: root bus resource [bus 00-ff]
[    0.641578] pci 0000:00:01.1: legacy IDE quirk: reg 0x10: [io  0x01f0-0x01f7]
[    0.643593] pci 0000:00:01.1: legacy IDE quirk: reg 0x14: [io  0x03f6]
[    0.645233] pci 0000:00:01.1: legacy IDE quirk: reg 0x18: [io  0x0170-0x0177]
[    0.646711] pci 0000:00:01.1: legacy IDE quirk: reg 0x1c: [io  0x0376]
[    0.660160] pci 0000:00:07.0: quirk: [io  0x4000-0x403f] claimed by PIIX4 ACPI
[    0.662478] pci 0000:00:07.0: quirk: [io  0x4100-0x410f] claimed by PIIX4 SMB
[    0.671951] ACPI: PCI Interrupt Link [LNKA] (IRQs 5 9 10 *11)
[    0.674716] ACPI: PCI Interrupt Link [LNKB] (IRQs 5 9 *10 11)
[    0.676210] ACPI: PCI Interrupt Link [LNKC] (IRQs 5 *9 10 11)
[    0.677828] ACPI: PCI Interrupt Link [LNKD] (IRQs 5 9 10 *11)
[    0.679360] ACPI: Enabled 2 GPEs in block 00 to 07
[    0.680688] vgaarb: setting as boot device: PCI:0000:00:02.0
[    0.682165] vgaarb: device added: PCI:0000:00:02.0,decodes=io+mem,owns=io+mem,locks=none
[    0.683810] vgaarb: loaded
[    0.684437] vgaarb: bridge control possible 0000:00:02.0
[    0.685796] SCSI subsystem initialized
[    0.686762] ACPI: bus type USB registered
[    0.687628] usbcore: registered new interface driver usbfs
[    0.689066] usbcore: registered new interface driver hub
[    0.690525] usbcore: registered new device driver usb
[    0.691803] PCI: Using ACPI for IRQ routing
[    0.694275] NetLabel: Initializing
[    0.695189] NetLabel:  domain hash size = 128
[    0.696237] NetLabel:  protocols = UNLABELED CIPSOv4
[    0.697301] NetLabel:  unlabeled traffic allowed by default
[    0.698506] amd_nb: Cannot enumerate AMD northbridges
[    0.699548] clocksource: Switched to clocksource kvm-clock
[    0.707919] AppArmor: AppArmor Filesystem Enabled
[    0.709331] pnp: PnP ACPI init
[    0.711011] pnp: PnP ACPI: found 3 devices
[    0.720778] clocksource: acpi_pm: mask: 0xffffff max_cycles: 0xffffff, max_idle_ns: 2085701024 ns
[    0.723054] NET: Registered protocol family 2
[    0.724306] TCP established hash table entries: 8192 (order: 4, 65536 bytes)
[    0.726036] TCP bind hash table entries: 8192 (order: 5, 131072 bytes)
[    0.727518] TCP: Hash tables configured (established 8192 bind 8192)
[    0.728883] UDP hash table entries: 512 (order: 2, 16384 bytes)
[    0.730143] UDP-Lite hash table entries: 512 (order: 2, 16384 bytes)
[    0.731397] NET: Registered protocol family 1
[    0.732330] pci 0000:00:00.0: Limiting direct PCI/PCI transfers
[    0.733515] pci 0000:00:01.0: Activating ISA DMA hang workarounds
[    0.734851] Unpacking initramfs...
[    0.962497] Freeing initrd memory: 14880K
[    0.964385] clocksource: tsc: mask: 0xffffffffffffffff max_cycles: 0x2135f7c97c8, max_idle_ns: 440795273205 ns
[    0.966709] platform rtc_cmos: registered platform RTC device (no PNP device found)
[    0.968499] Scanning for low memory corruption every 60 seconds
[    0.969968] audit: initializing netlink subsys (disabled)
[    0.971451] audit: type=2000 audit(1601889834.141:1): initialized
[    0.973042] Initialise system trusted keyring
[    0.974110] HugeTLB registered 2 MB page size, pre-allocated 0 pages
[    0.976674] zbud: loaded
[    0.977815] VFS: Disk quotas dquot_6.6.0
[    0.978908] VFS: Dquot-cache hash table entries: 512 (order 0, 4096 bytes)
[    0.980678] squashfs: version 4.0 (2009/01/31) Phillip Lougher
[    0.982423] fuse init (API version 7.23)
[    0.983589] Key type big_key registered
[    0.984457] Allocating IMA MOK and blacklist keyrings.
[    0.986801] Key type asymmetric registered
[    0.988041] Asymmetric key parser 'x509' registered
[    0.989056] Block layer SCSI generic (bsg) driver version 0.4 loaded (major 249)
[    0.991128] io scheduler noop registered
[    0.992160] io scheduler deadline registered (default)
[    0.993288] io scheduler cfq registered
[    0.994184] pci_hotplug: PCI Hot Plug PCI Core version: 0.5
[    0.995285] pciehp: PCI Express Hot Plug Controller Driver version: 0.4
[    0.997230] ACPI: AC Adapter [AC] (on-line)
[    0.998508] input: Power Button as /devices/LNXSYSTM:00/LNXPWRBN:00/input/input0
[    1.000049] ACPI: Power Button [PWRF]
[    1.000921] input: Sleep Button as /devices/LNXSYSTM:00/LNXSLPBN:00/input/input1
[    1.002496] ACPI: Sleep Button [SLPF]
[    1.003703] GHES: HEST is not enabled!
[    1.004686] ACPI: Battery Slot [BAT0] (battery present)
[    1.006318] Serial: 8250/16550 driver, 32 ports, IRQ sharing enabled
[    1.028098] 00:02: ttyS0 at I/O 0x3f8 (irq = 4, base_baud = 115200) is a 16550A
[    1.032368] Linux agpgart interface v0.103
[    1.035059] loop: module loaded
[    1.036296] scsi host0: ata_piix
[    1.037113] scsi host1: ata_piix
[    1.037848] ata1: PATA max UDMA/33 cmd 0x1f0 ctl 0x3f6 bmdma 0xd000 irq 14
[    1.039139] ata2: PATA max UDMA/33 cmd 0x170 ctl 0x376 bmdma 0xd008 irq 15
[    1.040589] libphy: Fixed MDIO Bus: probed
[    1.041530] tun: Universal TUN/TAP device driver, 1.6
[    1.042615] tun: (C) 1999-2004 Max Krasnyansky <maxk@qualcomm.com>
[    1.043867] PPP generic driver version 2.4.2
[    1.044872] ehci_hcd: USB 2.0 'Enhanced' Host Controller (EHCI) Driver
[    1.046560] ehci-pci: EHCI PCI platform driver
[    1.047481] ehci-platform: EHCI generic platform driver
[    1.048565] ohci_hcd: USB 1.1 'Open' Host Controller (OHCI) Driver
[    1.049755] ohci-pci: OHCI PCI platform driver
[    1.050731] ohci-platform: OHCI generic platform driver
[    1.051770] uhci_hcd: USB Universal Host Controller Interface driver
[    1.053057] i8042: PNP: PS/2 Controller [PNP0303:PS2K,PNP0f03:PS2M] at 0x60,0x64 irq 1,12
[    1.055362] serio: i8042 KBD port at 0x60,0x64 irq 1
[    1.056485] serio: i8042 AUX port at 0x60,0x64 irq 12
[    1.057730] mousedev: PS/2 mouse device common for all mice
[    1.059425] input: AT Translated Set 2 keyboard as /devices/platform/i8042/serio0/input/input2
[    1.061582] rtc_cmos rtc_cmos: rtc core: registered rtc_cmos as rtc0
[    1.062882] rtc_cmos rtc_cmos: alarms up to one day, 114 bytes nvram
[    1.064800] i2c /dev entries driver
[    1.065601] device-mapper: uevent: version 1.0.3
[    1.066624] device-mapper: ioctl: 4.34.0-ioctl (2015-10-28) initialised: dm-devel@redhat.com
[    1.068381] ledtrig-cpu: registered to indicate activity on CPUs
[    1.070000] NET: Registered protocol family 10
[    1.071345] NET: Registered protocol family 17
[    1.072314] Key type dns_resolver registered
[    1.073542] registered taskstats version 1
[    1.074408] Loading compiled-in X.509 certificates
[    1.075897] Loaded X.509 cert 'Build time autogenerated kernel key: b89e9ea735e1dbde81c7786f041ecf1d53e71c2e'
[    1.077855] zswap: loaded using pool lzo/zbud
[    1.080516] Key type trusted registered
[    1.086271] Key type encrypted registered
[    1.087499] AppArmor: AppArmor sha1 policy hashing enabled
[    1.092494] ima: No TPM chip found, activating TPM-bypass!
[    1.094728] ima: Allocated hash algorithm: sha1
[    1.097127] evm: HMAC attrs: 0x1
[    1.098963]   Magic number: 8:176:373
[    1.100081] vc vcsa1: hash matches
[    1.101106] rtc_cmos rtc_cmos: setting system clock to 2020-10-05 09:23:49 UTC (1601889829)
[    1.103460] BIOS EDD facility v0.16 2004-Jun-25, 0 devices found
[    1.105211] EDD information not available.
[    1.219859] Freeing unused kernel memory: 1492K
[    1.221221] Write protecting the kernel read-only data: 14336k
[    1.223491] Freeing unused kernel memory: 1592K
[    1.224969] Freeing unused kernel memory: 56K
Loading, please wait...
starting version 229
[    1.239119] random: systemd-udevd: uninitialized urandom read (16 bytes read, 3 bits of entropy available)
[    1.239676] random: udevadm: uninitialized urandom read (16 bytes read, 3 bits of entropy available)
[    1.239704] random: udevadm: uninitialized urandom read (16 bytes read, 3 bits of entropy available)
[    1.246697] random: udevadm: uninitialized urandom read (16 bytes read, 3 bits of entropy available)
[    1.246741] random: udevadm: uninitialized urandom read (16 bytes read, 3 bits of entropy available)
[    1.246862] random: udevadm: uninitialized urandom read (16 bytes read, 3 bits of entropy available)
[    1.246910] random: udevadm: uninitialized urandom read (16 bytes read, 3 bits of entropy available)
[    1.246958] random: udevadm: uninitialized urandom read (16 bytes read, 3 bits of entropy available)
[    1.247009] random: udevadm: uninitialized urandom read (16 bytes read, 3 bits of entropy available)
[    1.247056] random: udevadm: uninitialized urandom read (16 bytes read, 3 bits of entropy available)
[    1.307189] e1000: Intel(R) PRO/1000 Network Driver - version 7.3.21-k8-NAPI
[    1.309146] e1000: Copyright (c) 1999-2006 Intel Corporation.
[    1.313176] Fusion MPT base driver 3.04.20
[    1.314240] Copyright (c) 1999-2008 LSI Corporation
[    1.318482] Fusion MPT SPI Host driver 3.04.20
[    1.323829] mptbase: ioc0: Initiating bringup
[    1.329858] AVX2 version of gcm_enc/dec engaged.
[    1.330964] AES CTR mode by8 optimization enabled
[    1.388166] ioc0: LSI53C1030 A0: Capabilities={Initiator}
[    1.517923] input: ImExPS/2 Generic Explorer Mouse as /devices/platform/i8042/serio1/input/input4
[    1.563261] scsi host2: ioc0: LSI53C1030 A0, FwRev=00000000h, Ports=1, MaxQ=256, IRQ=20
[    1.676347] scsi 2:0:0:0: Direct-Access     VBOX     HARDDISK         1.0  PQ: 0 ANSI: 5
[    1.679226] scsi target2:0:0: Beginning Domain Validation
[    1.681642] scsi target2:0:0: Domain Validation skipping write tests
[    1.683972] scsi target2:0:0: Ending Domain Validation
[    1.685154] scsi target2:0:0: asynchronous
[    1.686778] scsi 2:0:1:0: Direct-Access     VBOX     HARDDISK         1.0  PQ: 0 ANSI: 5
[    1.688464] scsi target2:0:1: Beginning Domain Validation
[    1.690329] scsi target2:0:1: Domain Validation skipping write tests
[    1.699245] scsi target2:0:1: Ending Domain Validation
[    1.700808] scsi target2:0:1: asynchronous
[    1.716534] sd 2:0:0:0: Attached scsi generic sg0 type 0
[    1.718142] sd 2:0:0:0: [sda] 20971520 512-byte logical blocks: (10.7 GB/10.0 GiB)
[    1.720813] sd 2:0:1:0: Attached scsi generic sg1 type 0
[    1.722020] sd 2:0:1:0: [sdb] 20480 512-byte logical blocks: (10.5 MB/10.0 MiB)
[    1.724490] sd 2:0:1:0: [sdb] Write Protect is off
[    1.725813] sd 2:0:0:0: [sda] Write Protect is off
[    1.727204] sd 2:0:1:0: [sdb] Incomplete mode parameter data
[    1.728749] sd 2:0:1:0: [sdb] Assuming drive cache: write through
[    1.730441] sd 2:0:0:0: [sda] Incomplete mode parameter data
[    1.731998] sd 2:0:0:0: [sda] Assuming drive cache: write through
[    1.736205]  sda: sda1
[    1.737846] sd 2:0:1:0: [sdb] Attached SCSI disk
[    1.739420] sd 2:0:0:0: [sda] Attached SCSI disk
[    2.056989] e1000 0000:00:03.0 eth0: (PCI:33MHz:32-bit) 02:83:3c:85:18:ff
[    2.058863] e1000 0000:00:03.0 eth0: Intel(R) PRO/1000 Network Connection
[    2.573157] e1000 0000:00:08.0 eth1: (PCI:33MHz:32-bit) 08:00:27:d0:0a:19
[    2.575407] e1000 0000:00:08.0 eth1: Intel(R) PRO/1000 Network Connection
[    2.579855] e1000 0000:00:03.0 enp0s3: renamed from eth0
[    2.592138] e1000 0000:00:08.0 enp0s8: renamed from eth1
Begin: Loading essential drivers ... [    3.908839] md: linear personality registered for level -1
[    3.913204] md: multipath personality registered for level -4
[    3.916973] md: raid0 personality registered for level 0
[    3.921879] md: raid1 personality registered for level 1
[    3.991616] raid6: sse2x1   gen() 11632 MB/s
[    4.060110] raid6: sse2x1   xor()  7828 MB/s
[    4.128107] raid6: sse2x2   gen() 15199 MB/s
[    4.195565] raid6: sse2x2   xor() 10530 MB/s
[    4.263609] raid6: sse2x4   gen() 16439 MB/s
[    4.331755] raid6: sse2x4   xor() 11541 MB/s
[    4.399809] raid6: avx2x1   gen() 21484 MB/s
[    4.467736] raid6: avx2x2   gen() 27808 MB/s
[    4.535696] raid6: avx2x4   gen() 30138 MB/s
[    4.536766] raid6: using algorithm avx2x4 gen() 30138 MB/s
[    4.538056] raid6: using avx2x2 recovery algorithm
[    4.540671] xor: automatically using best checksumming function:
[    4.579733]    avx       : 27037.000 MB/sec
[    4.581771] async_tx: api initialized (async)
[    4.591285] md: raid6 personality registered for level 6
[    4.592580] md: raid5 personality registered for level 5
[    4.593766] md: raid4 personality registered for level 4
[    4.600483] md: raid10 personality registered for level 10
done.
Begin: Running /scripts/init-premount ... done.
Begin: Mounting root file system ... Begin: Running /scripts/local-top ... done.
Begin: Running /scripts/local-premount ... [    4.627486] Btrfs loaded
Scanning for Btrfs filesystems
done.
Warning: fsck not present, so skipping root file system
[    4.656527] EXT4-fs (sda1): mounted filesystem with ordered data mode. Opts: (null)
done.
Begin: Running /scripts/local-bottom ... done.
Begin: Running /scripts/init-bottom ... done.
[    4.744055] systemd[1]: systemd 229 running in system mode. (+PAM +AUDIT +SELINUX +IMA +APPARMOR +SMACK +SYSVINIT +UTMP +LIBCRYPTSETUP +GCRYPT +GNUTLS +ACL +XZ -LZ4 +SECCOMP +BLKID +ELFUTILS +KMOD -IDN)
[    4.747648] systemd[1]: Detected virtualization oracle.
[    4.748754] systemd[1]: Detected architecture x86-64.

Welcome to [1mUbuntu 16.04.7 LTS[0m!

[    4.761714] systemd[1]: Set hostname to <ubuntu>.
[    4.766246] systemd[1]: Initializing machine ID from random generator.
[    4.767948] systemd[1]: Installed transient /etc/machine-id file.
[    4.901392] systemd[1]: Started Forward Password Requests to Wall Directory Watch.
[[0;32m  OK  [0m] Started Forward Password Requests to Wall Directory Watch.
[    4.906306] systemd[1]: Listening on Syslog Socket.
[[0;32m  OK  [0m] Listening on Syslog Socket.
[    4.915912] systemd[1]: Listening on udev Kernel Socket.
[[0;32m  OK  [0m] Listening on udev Kernel Socket.
[    4.919459] systemd[1]: Listening on LVM2 metadata daemon socket.
[[0;32m  OK  [0m] Listening on LVM2 metadata daemon socket.
[    4.923724] systemd[1]: Listening on Journal Socket (/dev/log).
[[0;32m  OK  [0m] Listening on Journal Socket (/dev/log).
[    4.929519] systemd[1]: Reached target Swap.
[[0;32m  OK  [0m] Reached target Swap.
[    4.932318] systemd[1]: Reached target Encrypted Volumes.
[[0;32m  OK  [0m] Reached target Encrypted Volumes.
[    4.935747] systemd[1]: Started Trigger resolvconf update for networkd DNS.
[[0;32m  OK  [0m] Started Trigger resolvconf update for networkd DNS.
[    4.948560] systemd[1]: Listening on udev Control Socket.
[[0;32m  OK  [0m] Listening on udev Control Socket.
[    4.952900] systemd[1]: Reached target User and Group Name Lookups.
[[0;32m  OK  [0m] Reached target User and Group Name Lookups.
[    4.957126] systemd[1]: Created slice System Slice.
[[0;32m  OK  [0m] Created slice System Slice.
[    4.964504] systemd[1]: Created slice User and Session Slice.
[[0;32m  OK  [0m] Created slice User and Session Slice.
[    4.968270] systemd[1]: Reached target Slices.
[[0;32m  OK  [0m] Reached target Slices.
[    4.971085] systemd[1]: Created slice system-serial\x2dgetty.slice.
[[0;32m  OK  [0m] Created slice system-serial\x2dgetty.slice.
[    4.973941] systemd[1]: Listening on /dev/initctl Compatibility Named Pipe.
[[0;32m  OK  [0m] Listening on /dev/initctl Compatibility Named Pipe.
[    4.976980] systemd[1]: Reached target System Time Synchronized.
[[0;32m  OK  [0m] Reached target System Time Synchronized.
[    4.979303] systemd[1]: Listening on Journal Audit Socket.
[[0;32m  OK  [0m] Listening on Journal Audit Socket.
[    4.981946] systemd[1]: Listening on LVM2 poll daemon socket.
[[0;32m  OK  [0m] Listening on LVM2 poll daemon socket.
[    4.992627] systemd[1]: Listening on Device-mapper event daemon FIFOs.
[[0;32m  OK  [0m] Listening on Device-mapper event daemon FIFOs.
[    4.996406] systemd[1]: Set up automount Arbitrary Executable File Formats File System Automount Point.
[[0;32m  OK  [0m] Set up automount Arbitrary Executab...ats File System Automount Point.
[    5.001820] systemd[1]: Listening on Journal Socket.
[[0;32m  OK  [0m] Listening on Journal Socket.
[    5.027880] systemd[1]: Starting Remount Root and Kernel File Systems...
         Starting Remount Root and Kernel File Systems...
[    5.033498] systemd[1]: Starting Create list of required static device nodes for the current kernel...
         Starting Create list of required st... nodes for the current kernel...
[    5.043096] EXT4-fs (sda1): re-mounted. Opts: (null)
[    5.049499] systemd[1]: Starting Load Kernel Modules...
         Starting Load Kernel Modules...
[    5.053475] systemd[1]: Mounting Debug File System...
         Mounting Debug File System...
[    5.061962] systemd[1]: Mounting Huge Pages File System...
[    5.063657] Loading iSCSI transport class v2.0-870.
         Mounting Huge Pages File System...
[    5.066276] systemd[1]: Starting Journal Service...
         Starting Journal Service...
[    5.070172] systemd[1]: Starting Uncomplicated firewall...
         Starting Uncomplicated firewall...
[    5.073645] systemd[1]: Mounting POSIX Message Queue File System...
         Mounting POSIX Message Queue File System...
[    5.078344] systemd[1]: Starting Nameserver information manager...
         Starting Nameserver information manager...
[    5.084028] systemd[1]: Starting Monitoring of LVM2 mirrors, snapshots etc. using dmeventd or progress polling...
         Starting Monitoring of LVM2 mirrors... dmeventd or progress polling...
[    5.092174] systemd[1]: Starting Set console keymap...
         Starting Set console keymap...
[    5.095354] iscsi: registered transport (tcp)
[    5.096487] systemd[1]: Mounted Debug File System.
[[0;32m  OK  [0m] Mounted Debug File System.
[    5.098754] systemd[1]: Mounted Huge Pages File System.
[[0;32m  OK  [0m] Mounted Huge Pages File System.
[    5.101196] systemd[1]: Mounted POSIX Message Queue File System.
[[0;32m  OK  [0m] Mounted POSIX Message Queue File System.
[    5.104987] systemd[1]: Started Remount Root and Kernel File Systems.
[[0;32m  OK  [0m] Started Remount Root and Kernel File Systems.
[    5.111122] systemd[1]: Started Create list of required static device nodes for the current kernel.
[[0;32m  OK  [0m] Started Create list of required sta...ce nodes for the current kernel.
[    5.115907] systemd[1]: Started Uncomplicated firewall.
[[0;32m  OK  [0m] Started Uncomplicated firewall.
[    5.128635] systemd[1]: Started Journal Service.
[[0;32m  OK  [0m] Started Journal Service.
[[0;32m  OK  [0m] Started LVM2 metadata daemon.
         Starting Create Static Device Nodes in /dev...
         Starting Load/Save Random Seed...
         Starting Flush Journal to Persistent Storage...
         Starting udev Coldplug all Devices...
[[0;32m  OK  [0m] Started Nameserver information manager.
[[0;32m  OK  [0m] Started Load/Save Random Seed.
[[0;32m  OK  [0m] Started Set console keymap.
[    5.165529] iscsi: registered transport (iser)
[[0;32m  OK  [0m] Started Load Kernel Modules.
         Starting Apply Kernel Variables...
         Mounting FUSE Control File System...
[[0;32m  OK  [0m] Mounted FUSE Control File System.
[    5.186215] systemd-journald[383]: Received request to flush runtime journal from PID 1
[[0;32m  OK  [0m] Started Flush Journal to Persistent Storage.
[[0;32m  OK  [0m] Started Apply Kernel Variables.
[[0;32m  OK  [0m] Started Create Static Device Nodes in /dev.
         Starting udev Kernel Device Manager...
[[0;32m  OK  [0m] Started udev Kernel Device Manager.
[[0;32m  OK  [0m] Started udev Coldplug all Devices.
[[0;32m  OK  [0m] Started Dispatch Password Requests to Console Directory Watch.
[[0;32m  OK  [0m] Found device /dev/ttyS0.
[[0;32m  OK  [0m] Listening on Load/Save RF Kill Switch Status /dev/rfkill Watch.
[[0;32m  OK  [0m] Started Monitoring of LVM2 mirrors,...ng dmeventd or progress polling.
[[0;32m  OK  [0m] Reached target Local File Systems (Pre).
[[0;32m  OK  [0m] Reached target Local File Systems.
         Starting Commit a transient machine-id on disk...
         Starting Tell Plymouth To Write Out Runtime Data...
         Starting Set console font and keymap...
         Starting LSB: AppArmor initialization...
         Starting Initial cloud-init job (pre-networking)...
         Starting Create Volatile Files and Directories...
[[0;32m  OK  [0m] Started Commit a transient machine-id on disk.
[[0;32m  OK  [0m] Started Tell Plymouth To Write Out Runtime Data.
[[0;32m  OK  [0m] Started Create Volatile Files and Directories.
         Starting Update UTMP about System Boot/Shutdown...
[[0;32m  OK  [0m] Started Update UTMP about System Boot/Shutdown.
[[0;32m  OK  [0m] Started Set console font and keymap.
[[0;32m  OK  [0m] Created slice system-getty.slice.
[[0;32m  OK  [0m] Started LSB: AppArmor initialization.
         Starting Load AppArmor profiles managed internally by snapd...
[[0;32m  OK  [0m] Started Load AppArmor profiles managed internally by snapd.
[    6.700636] cloud-init[647]: Cloud-init v. 20.3-2-g371b392c-0ubuntu1~16.04.1 running 'init-local' at Mon, 05 Oct 2020 09:23:55 +0000. Up 6.46 seconds.
[[0;32m  OK  [0m] Started Initial cloud-init job (pre-networking).
[[0;32m  OK  [0m] Reached target Network (Pre).
         Starting Raise network interfaces...
[[0;32m  OK  [0m] Started Raise network interfaces.
         Starting Initial cloud-init job (metadata service crawler)...
[[0;32m  OK  [0m] Reached target Network.
[    7.828327] cloud-init[958]: Cloud-init v. 20.3-2-g371b392c-0ubuntu1~16.04.1 running 'init' at Mon, 05 Oct 2020 09:23:55 +0000. Up 7.27 seconds.
[    7.830411] cloud-init[958]: ci-info: ++++++++++++++++++++++++++++++++++++++Net device info+++++++++++++++++++++++++++++++++++++++
[    7.832429] cloud-init[958]: ci-info: +--------+-------+----------------------------+---------------+--------+-------------------+
[    7.834514] cloud-init[958]: ci-info: | Device |   Up  |          Address           |      Mask     | Scope  |     Hw-Address    |
[    7.844669] cloud-init[958]: ci-info: +--------+-------+----------------------------+---------------+--------+-------------------+
[    7.847715] cloud-init[958]: ci-info: | enp0s3 |  True |         10.0.2.15          | 255.255.255.0 | global | 02:83:3c:85:18:ff |
[    7.849937] cloud-init[958]: ci-info: | enp0s3 |  True | fe80::83:3cff:fe85:18ff/64 |       .       |  link  | 02:83:3c:85:18:ff |
[    7.852875] cloud-init[958]: ci-info: | enp0s8 | False |             .              |       .       |   .    | 08:00:27:d0:0a:19 |
[    7.855792] cloud-init[958]: ci-info: |   lo   |  True |         127.0.0.1          |   255.0.0.0   |  host  |         .         |
[    7.864953] cloud-init[958]: ci-info: |   lo   |  True |          ::1/128           |       .       |  host  |         .         |
[    7.868565] cloud-init[958]: ci-info: +--------+-------+----------------------------+---------------+--------+-------------------+
[    7.871978] cloud-init[958]: ci-info: +++++++++++++++++++++++++++Route IPv4 info++++++++++++++++++++++++++++
[    7.875405] cloud-init[958]: ci-info: +-------+-------------+----------+---------------+-----------+-------+
[    7.878593] cloud-init[958]: ci-info: | Route | Destination | Gateway  |    Genmask    | Interface | Flags |
[    7.881194] cloud-init[958]: ci-info: +-------+-------------+----------+---------------+-----------+-------+
[    7.882382] cloud-init[958]: ci-info: |   0   |   0.0.0.0   | 10.0.2.2 |    0.0.0.0    |   enp0s3  |   UG  |
[    7.883430] cloud-init[958]: ci-info: |   1   |   10.0.2.0  | 0.0.0.0  | 255.255.255.0 |   enp0s3  |   U   |
[    7.885603] cloud-init[958]: ci-info: +-------+-------------+----------+---------------+-----------+-------+
[    7.888790] cloud-init[958]: ci-info: +++++++++++++++++++Route IPv6 info+++++++++++++++++++
[    7.896970] cloud-init[958]: ci-info: +-------+-------------+---------+-----------+-------+
[    7.898004] cloud-init[958]: ci-info: | Route | Destination | Gateway | Interface | Flags |
[    7.899018] cloud-init[958]: ci-info: +-------+-------------+---------+-----------+-------+
[    7.899927] cloud-init[958]: ci-info: |   0   |  fe80::/64  |    ::   |   enp0s3  |   U   |
[    7.901636] cloud-init[958]: ci-info: |   3   |   ff00::/8  |    ::   |   enp0s3  |   U   |
[    7.903921] cloud-init[958]: ci-info: +-------+-------------+---------+-----------+-------+
[    7.905598] cloud-init[958]: Generating public/private rsa key pair.
[    7.906536] cloud-init[958]: Your identification has been saved in /etc/ssh/ssh_host_rsa_key.
[    7.908973] cloud-init[958]: Your public key has been saved in /etc/ssh/ssh_host_rsa_key.pub.
[    7.911272] cloud-init[958]: The key fingerprint is:
[    7.911493] cloud-init[958]: SHA256:JB0z+ZHq/p7uyDrgpxJOp9KGDnTNAjiYy06uSJp6efI root@ubuntu-xenial
[    7.912319] cloud-init[958]: The key's randomart image is:
[    7.913174] cloud-init[958]: +---[RSA 2048]----+
[    7.913686] cloud-init[958]: |        +. .     |
[    7.914217] cloud-init[958]: |o.     ..+o      |
[    7.915021] cloud-init[958]: |=.    . oo .     |
[    7.915778] cloud-init[958]: |.o. o  o. .      |
[    7.916898] cloud-init[958]: |.+ o o .S        |
[    7.917345] cloud-init[958]: |= + +   .        |
[    7.918156] cloud-init[958]: |.O * . .         |
[    7.918871] cloud-init[958]: |O.X o o... .     |
[    7.919597] cloud-init[958]: |O= =Eo.oo=*      |
[    7.920504] cloud-init[958]: +----[SHA256]-----+
[    7.921455] cloud-init[958]: Generating public/private dsa key pair.
[    7.922456] cloud-init[958]: Your identification has been saved in /etc/ssh/ssh_host_dsa_key.
[    7.923474] cloud-init[958]: Your public key has been saved in /etc/ssh/ssh_host_dsa_key.pub.
[    7.924806] cloud-init[958]: The key fingerprint is:
[    7.925873] cloud-init[958]: SHA256:7G9ha0hqevgmcjJcTPZ6cQMVrR/v0gTpXyZeMK2aWvI root@ubuntu-xenial
[    7.926596] cloud-init[958]: The key's randomart image is:
[    7.927309] cloud-init[958]: +---[DSA 1024]----+
[    7.927837] cloud-init[958]: |        .o       |
[    7.928478] cloud-init[958]: |        . .      |
[    7.929138] cloud-init[958]: |       . . . .   |
[    7.929746] cloud-init[958]: |    o ... + o .  |
[    7.930442] cloud-init[958]: |   + . .So + +   |
[    7.930960] cloud-init[958]: |    o o.+ = = +  |
[    7.931780] cloud-init[958]: | . . o =o+.@ =   |
[    7.932852] cloud-init[958]: |  = = * .=B =    |
[    7.933387] cloud-init[958]: |   =.O. .+E.     |
[    7.934192] cloud-init[958]: +----[SHA256]-----+
[    7.934726] cloud-init[958]: Generating public/private ecdsa key pair.
[[    7.935402] cloud-init[958]: Your identification has been saved in /etc/ssh/ssh_host_ecdsa_key.[0;32m  OK  [0m
] Started Initial cloud-init job (metadata service crawler).
[    7.939258] cloud-init[958]: Your public key has been saved in /etc/ssh/ssh_host_ecdsa_key.pub.
[    7.944488] cloud-init[958]: The key fingerprint is:
[    7.944640] cloud-init[958]: SHA256:TcZum8WWCGHXPo4XtrN5o5iN4O/cj3eL1AjaVx4QRoQ root@ubuntu-xenial
[    7.944928] cloud-init[958]: The key's randomart image is:
[    7.945891] cloud-init[958]: +---[ECDSA 256]---+
[    7.946427] cloud-init[958]: |        o ..+=   |
[    7.947152] cloud-init[958]: |       . + Eo .  |
[    7.947882] cloud-init[958]: |        . +. .   |
[    7.948703] cloud-init[958]: |         * o=..  |
[    7.949440] cloud-init[958]: |        S ===+ o |
[    7.949977] cloud-init[958]: |         .+=* = .|
[    7.950473] cloud-init[958]: |        ..oo B o |
[    7.951008] cloud-init[958]: |       . o *=.= .|
[    7.951548] cloud-init[958]: |        .oB =*.+.|
[    7.952363] cloud-init[958]: +----[SHA256]-----+
[    7.952902] cloud-init[958]: Generating public/private ed25519 key pair.
[    7.953435] cloud-init[958]: Your identification has been saved in /etc/ssh/ssh_host_ed25519_key.
[    7.953974] cloud-init[958]: Your public key has been saved in /etc/ssh/ssh_host_ed25519_key.pub.
[    7.954820] cloud-init[958]: The key fingerprint is:
[    7.955847] cloud-init[958]: SHA256:7ypT/40fVuJObFIxkSmhruXzkzen17u3YFqF36V2BZg root@ubuntu-xenial
[    7.956337] cloud-init[958]: The key's randomart image is:
[    7.956735] cloud-init[958]: +--[ED25519 256]--+
[    7.957361] cloud-init[958]: |            ...o |
[[0;32m  OK  [0m] Reached target Network is Online.
[    7.958021] cloud-init[958]: |           ..oo. |
[    7.971410] cloud-init[958]: |          . E.+  |
[    7.972784] cloud-init[958]: |         .    .+ |
[    7.974067] cloud-init[958]: |        S o  .o.+|
[    7.985770]          cloud-initStarting iSCSI initiator daemon (iscsid)...[958]: 
|        .=   +o++|
[[0;32m  OK  [0m] Reached target Cloud-config availability.
[[0;32m  OK  [0m] Reached target System Initialization.
[[0;32m  OK  [0m] Started Daily apt download activities.
[[0;32m  OK  [0m] Listening on D-Bus System Message Bus Socket.
         Starting Socket activation for snappy daemon.
[[0;32m  OK  [0m] Listening on UUID daemon activation socket.
[    7.986207] cloud-init[958]: |       ...+ .=X.+|
[    7.995082] [[0;32m  OK  [0m] Started Daily apt upgrade and clean activities.
[cloud-init[0;32m  OK  [0m[958]: ] |      o  ..o*X+o=|Started Daily Cleanup of Temporary Directories.

[    8.004315] cloud-init[958]: |       o...o++=O=|
[    8.005763] cloud-init[958]: +----[SHA256]-----+
[[0;32m  OK  [0m] Started ACPI Events Check.
[[0;32m  OK  [0m] Reached target Paths.
[[0;32m  OK  [0m] Listening on ACPID Listen Socket.
[[0;32m  OK  [0m] Started Message of the Day.
[[0;32m  OK  [0m] Reached target Timers.
         Starting LXD - unix socket.
[[0;32m  OK  [0m] Listening on Socket activation for snappy daemon.
[[0;32m  OK  [0m] Listening on LXD - unix socket.
[[0;32m  OK  [0m] Reached target Sockets.
[[0;32m  OK  [0m] Reached target Basic System.
[[0;32m  OK  [0m] Started D-Bus System Message Bus.
         Starting Login Service...
[[0;32m  OK  [0m] Started Deferred execution scheduler.
         Starting Accounts Service...
         Starting LSB: MD monitoring daemon...
[[0;32m  OK  [0m] Started Regular background program processing daemon.
         Starting System Logging Service...
         Starting LSB: Record successful boot for GRUB...
         Starting Pollinate to seed the pseudo random number generator...
         Starting /etc/rc.local Compatibility...
[[0;32m  OK  [0m] Started ACPI event daemon.
         Starting Virtualbox guest utils...
         Starting LXD - container startup/shutdown...
[[0;32m  OK  [0m] Started FUSE filesystem for LXC.
         Starting Snap Daemon...
[[0;32m  OK  [0m] Started iSCSI initiator daemon (iscsid).
[[0;32m  OK  [0m] Started /etc/rc.local Compatibility.
         Starting Login to default iSCSI targets...
[[0;32m  OK  [0m] Started Login Service.
[[0;32m  OK  [0m] Started Unattended Upgrades Shutdown.
[[0;32m  OK  [0m] Started LSB: MD monitoring daemon.
[[0;32m  OK  [0m] Started System Logging Service.
[[0;32m  OK  [0m] Started LSB: Record successful boot for GRUB.
[[0;32m  OK  [0m] Started Login to default iSCSI targets.
[[0;32m  OK  [0m] Reached target Remote File Systems (Pre).
[[0;32m  OK  [0m] Reached target Remote File Systems.
         Starting LSB: daemon to balance interrupts for SMP systems...
         Starting LSB: automatic crash report generation...
         Starting Permit User Sessions...
         Starting LSB: Set the CPU Frequency Scaling governor to "ondemand"...
[[0;32m  OK  [0m] Started LSB: Set the CPU Frequency Scaling governor to "ondemand".
[[0;32m  OK  [0m] Started Permit User Sessions.
         Starting Hold until boot process finishes up...
         Starting Terminate Plymouth Boot Screen...
[[0;32m  OK  [0m] Started Hold until boot process finishes up.
[[0;32m  OK  [0m] Started Terminate Plymouth Boot Screen.
         Starting Authenticate and Authorize Users to Run Privileged Tasks...
[[0;32m  OK  [0m] Started Serial Getty on ttyS0.
         Starting Set console scheme...
[[0;32m  OK  [0m] Started Getty on tty1.
[[0;32m  OK  [0m] Reached target Login Prompts.
[[0;32m  OK  [0m] Started LSB: daemon to balance interrupts for SMP systems.
[[0;32m  OK  [0m] Started Set console scheme.
[[0;32m  OK  [0m] Started LSB: automatic crash report generation.
[[0;32m  OK  [0m] Started Virtualbox guest utils.
[[0;32m  OK  [0m] Started Authenticate and Authorize Users to Run Privileged Tasks.
[[0;32m  OK  [0m] Started Accounts Service.
[[0;32m  OK  [0m] Started LXD - container startup/shutdown.
[[0;32m  OK  [0m] Started Snap Daemon.
         Starting Wait until snapd is fully seeded...
[[0;32m  OK  [0m] Started Pollinate to seed the pseudo random number generator.
         Starting OpenBSD Secure Shell server...
[[0;32m  OK  [0m] Started OpenBSD Secure Shell server.
[[0;32m  OK  [0m] Created slice User Slice of vagrant.
         Starting User Manager for UID 1000...
[[0;32m  OK  [0m] Started Session 1 of user vagrant.
[[0;32m  OK  [0m] Started User Manager for UID 1000.

Ubuntu 16.04.7 LTS ubuntu-xenial ttyS0

ubuntu-xenial login: [   15.926810] cloud-init[1591]: Generating locales (this might take a while)...
[   16.595063] cloud-init[1591]:   en_US.UTF-8... done
[   16.596152] cloud-init[1591]: Generation complete.
[   16.892909] cloud-init[1591]: Cloud-init v. 20.3-2-g371b392c-0ubuntu1~16.04.1 running 'modules:config' at Mon, 05 Oct 2020 09:24:04 +0000. Up 15.83 seconds.
ci-info: no authorized SSH keys fingerprints found for user ubuntu.
<14>Oct  5 09:24:06 ec2: 
<14>Oct  5 09:24:06 ec2: #############################################################
<14>Oct  5 09:24:06 ec2: -----BEGIN SSH HOST KEY FINGERPRINTS-----
<14>Oct  5 09:24:06 ec2: 1024 SHA256:7G9ha0hqevgmcjJcTPZ6cQMVrR/v0gTpXyZeMK2aWvI root@ubuntu-xenial (DSA)
<14>Oct  5 09:24:06 ec2: 256 SHA256:TcZum8WWCGHXPo4XtrN5o5iN4O/cj3eL1AjaVx4QRoQ root@ubuntu-xenial (ECDSA)
<14>Oct  5 09:24:06 ec2: 256 SHA256:7ypT/40fVuJObFIxkSmhruXzkzen17u3YFqF36V2BZg root@ubuntu-xenial (ED25519)
<14>Oct  5 09:24:06 ec2: 2048 SHA256:JB0z+ZHq/p7uyDrgpxJOp9KGDnTNAjiYy06uSJp6efI root@ubuntu-xenial (RSA)
<14>Oct  5 09:24:06 ec2: -----END SSH HOST KEY FINGERPRINTS-----
<14>Oct  5 09:24:06 ec2: #############################################################
-----BEGIN SSH HOST KEY KEYS-----
ecdsa-sha2-nistp256 AAAAE2VjZHNhLXNoYTItbmlzdHAyNTYAAAAIbmlzdHAyNTYAAABBBGrvO7jwIxPP6GGWtFPCxueJhTbH/M7irkoEFu2bZroxxaqVplo06Lcc2Ccy3CaXbyPWSSFRGzquL34p7KbijEw= root@ubuntu-xenial
ssh-ed25519 AAAAC3NzaC1lZDI1NTE5AAAAIBihp4Plin18C03bwesgGRVc8+pE25rPdgeJzukyBGM4 root@ubuntu-xenial
ssh-rsa AAAAB3NzaC1yc2EAAAADAQABAAABAQClSvLVpTHGse54Pl3V57PXAQCH6c2iLuM3WGApynvDhln9f4n+UQxDNAKbQR6A2TDo15GIDeM69yrsAHijcl4g4epKjEFY1pCB5eFT1oQip127giqBUwhiABobK+Rgqj1mHYHma1yyv341DB7Ed0Ohq8HtqqZ5SFYl2APBUkT/gIRb5L3r9cNDtBUHpljxYEYhSyQ4PAN9k+RQFVJLiwQfK3/ZUlEHn2Osr62hnGmo5cxvlhnQ8059GZ5OOL+VmRuLP2ZXI3FouNTAHvXp9jVxxOBivdTUTOSqRPr8YcPxkV59g6qdWABNyZiWBR+jSUIkUwkJTd8jEzELzZAAOoK5 root@ubuntu-xenial
-----END SSH HOST KEY KEYS-----
[   17.424670] cloud-init[1742]: Cloud-init v. 20.3-2-g371b392c-0ubuntu1~16.04.1 running 'modules:final' at Mon, 05 Oct 2020 09:24:05 +0000. Up 17.28 seconds.
[   17.424905] cloud-init[1742]: ci-info: no authorized SSH keys fingerprints found for user ubuntu.
[   17.426011] cloud-init[1742]: Cloud-init v. 20.3-2-g371b392c-0ubuntu1~16.04.1 finished at Mon, 05 Oct 2020 09:24:06 +0000. Datasource DataSourceNoCloud [seed=/dev/sdb][dsmode=net].  Up 17.41 seconds
