[    0.000000] Initializing cgroup subsys cpuset
[    0.000000] Initializing cgroup subsys cpu
[    0.000000] Initializing cgroup subsys cpuacct
[    0.000000] Linux version 4.4.0-187-generic (buildd@lgw01-amd64-035) (gcc version 5.4.0 20160609 (Ubuntu 5.4.0-6ubuntu1~16.04.12) ) #217-Ubuntu SMP Tue Jul 21 04:18:15 UTC 2020 (Ubuntu 4.4.0-187.217-generic 4.4.230)
[    0.000000] Command line: BOOT_IMAGE=/boot/vmlinuz-4.4.0-187-generic root=LABEL=cloudimg-rootfs ro console=tty1 console=ttyS0
[    0.000000] KERNEL supported cpus:
[    0.000000]   Intel GenuineIntel
[    0.000000]   AMD AuthenticAMD
[    0.000000]   Centaur CentaurHauls
[    0.000000] x86/fpu: xstate_offset[2]:  576, xstate_sizes[2]:  256
[    0.000000] x86/fpu: Supporting XSAVE feature 0x01: 'x87 floating point registers'
[    0.000000] x86/fpu: Supporting XSAVE feature 0x02: 'SSE registers'
[    0.000000] x86/fpu: Supporting XSAVE feature 0x04: 'AVX registers'
[    0.000000] x86/fpu: Enabled xstate features 0x7, context size is 832 bytes, using 'standard' format.
[    0.000000] e820: BIOS-provided physical RAM map:
[    0.000000] BIOS-e820: [mem 0x0000000000000000-0x000000000009fbff] usable
[    0.000000] BIOS-e820: [mem 0x000000000009fc00-0x000000000009ffff] reserved
[    0.000000] BIOS-e820: [mem 0x00000000000f0000-0x00000000000fffff] reserved
[    0.000000] BIOS-e820: [mem 0x0000000000100000-0x000000003ffeffff] usable
[    0.000000] BIOS-e820: [mem 0x000000003fff0000-0x000000003fffffff] ACPI data
[    0.000000] BIOS-e820: [mem 0x00000000fec00000-0x00000000fec00fff] reserved
[    0.000000] BIOS-e820: [mem 0x00000000fee00000-0x00000000fee00fff] reserved
[    0.000000] BIOS-e820: [mem 0x00000000fffc0000-0x00000000ffffffff] reserved
[    0.000000] NX (Execute Disable) protection: active
[    0.000000] SMBIOS 2.5 present.
[    0.000000] Hypervisor detected: KVM
[    0.000000] e820: last_pfn = 0x3fff0 max_arch_pfn = 0x400000000
[    0.000000] MTRR: Disabled
[    0.000000] x86/PAT: MTRRs disabled, skipping PAT initialization too.
[    0.000000] CPU MTRRs all blank - virtualized system.
[    0.000000] x86/PAT: Configuration [0-7]: WB  WT  UC- UC  WB  WT  UC- UC  
[    0.000000] found SMP MP-table at [mem 0x0009fff0-0x0009ffff] mapped at [ffff88000009fff0]
[    0.000000] Scanning 1 areas for low memory corruption
[    0.000000] RAMDISK: [mem 0x362de000-0x37166fff]
[    0.000000] ACPI: Early table checksum verification disabled
[    0.000000] ACPI: RSDP 0x00000000000E0000 000024 (v02 VBOX  )
[    0.000000] ACPI: XSDT 0x000000003FFF0030 00003C (v01 VBOX   VBOXXSDT 00000001 ASL  00000061)
[    0.000000] ACPI: FACP 0x000000003FFF00F0 0000F4 (v04 VBOX   VBOXFACP 00000001 ASL  00000061)
[    0.000000] ACPI: DSDT 0x000000003FFF0470 0022EA (v02 VBOX   VBOXBIOS 00000002 INTL 20100528)
[    0.000000] ACPI: FACS 0x000000003FFF0200 000040
[    0.000000] ACPI: FACS 0x000000003FFF0200 000040
[    0.000000] ACPI: APIC 0x000000003FFF0240 00005C (v02 VBOX   VBOXAPIC 00000001 ASL  00000061)
[    0.000000] ACPI: SSDT 0x000000003FFF02A0 0001CC (v01 VBOX   VBOXCPUT 00000002 INTL 20100528)
[    0.000000] No NUMA configuration found
[    0.000000] Faking a node at [mem 0x0000000000000000-0x000000003ffeffff]
[    0.000000] NODE_DATA(0) allocated [mem 0x3ffeb000-0x3ffeffff]
[    0.000000] kvm-clock: Using msrs 4b564d01 and 4b564d00
[    0.000000] kvm-clock: cpu 0, msr 0:3ffe3001, primary cpu clock
[    0.000000] kvm-clock: using sched offset of 3393904753 cycles
[    0.000000] clocksource: kvm-clock: mask: 0xffffffffffffffff max_cycles: 0x1cd42e4dffb, max_idle_ns: 881590591483 ns
[    0.000000] Zone ranges:
[    0.000000]   DMA      [mem 0x0000000000001000-0x0000000000ffffff]
[    0.000000]   DMA32    [mem 0x0000000001000000-0x000000003ffeffff]
[    0.000000]   Normal   empty
[    0.000000]   Device   empty
[    0.000000] Movable zone start for each node
[    0.000000] Early memory node ranges
[    0.000000]   node   0: [mem 0x0000000000001000-0x000000000009efff]
[    0.000000]   node   0: [mem 0x0000000000100000-0x000000003ffeffff]
[    0.000000] Initmem setup node 0 [mem 0x0000000000001000-0x000000003ffeffff]
[    0.000000] ACPI: PM-Timer IO Port: 0x4008
[    0.000000] IOAPIC[0]: apic_id 2, version 32, address 0xfec00000, GSI 0-23
[    0.000000] ACPI: INT_SRC_OVR (bus 0 bus_irq 0 global_irq 2 dfl dfl)
[    0.000000] ACPI: INT_SRC_OVR (bus 0 bus_irq 9 global_irq 9 low level)
[    0.000000] Using ACPI (MADT) for SMP configuration information
[    0.000000] smpboot: Allowing 2 CPUs, 0 hotplug CPUs
[    0.000000] PM: Registered nosave memory: [mem 0x00000000-0x00000fff]
[    0.000000] PM: Registered nosave memory: [mem 0x0009f000-0x0009ffff]
[    0.000000] PM: Registered nosave memory: [mem 0x000a0000-0x000effff]
[    0.000000] PM: Registered nosave memory: [mem 0x000f0000-0x000fffff]
[    0.000000] e820: [mem 0x40000000-0xfebfffff] available for PCI devices
[    0.000000] Booting paravirtualized kernel on KVM
[    0.000000] clocksource: refined-jiffies: mask: 0xffffffff max_cycles: 0xffffffff, max_idle_ns: 7645519600211568 ns
[    0.000000] setup_percpu: NR_CPUS:512 nr_cpumask_bits:512 nr_cpu_ids:2 nr_node_ids:1
[    0.000000] PERCPU: Embedded 33 pages/cpu @ffff88003fc00000 s95512 r8192 d31464 u1048576
[    0.000000] Built 1 zonelists in Node order, mobility grouping on.  Total pages: 257912
[    0.000000] Policy zone: DMA32
[    0.000000] Kernel command line: BOOT_IMAGE=/boot/vmlinuz-4.4.0-187-generic root=LABEL=cloudimg-rootfs ro console=tty1 console=ttyS0
[    0.000000] PID hash table entries: 4096 (order: 3, 32768 bytes)
[    0.000000] Memory: 997660K/1048120K available (8636K kernel code, 1337K rwdata, 4040K rodata, 1492K init, 1296K bss, 50460K reserved, 0K cma-reserved)
[    0.000000] SLUB: HWalign=64, Order=0-3, MinObjects=0, CPUs=2, Nodes=1
[    0.000000] Kernel/User page tables isolation: enabled
[    0.000000] Hierarchical RCU implementation.
[    0.000000] 	Build-time adjustment of leaf fanout to 64.
[    0.000000] 	RCU restricting CPUs from NR_CPUS=512 to nr_cpu_ids=2.
[    0.000000] RCU: Adjusting geometry for rcu_fanout_leaf=64, nr_cpu_ids=2
[    0.000000] NR_IRQS:33024 nr_irqs:440 16
[    0.000000] Console: colour VGA+ 80x25
[    0.000000] console [tty1] enabled
[    0.000000] console [ttyS0] enabled
[    0.000000] tsc: Detected 2304.000 MHz processor
[    0.227546] Calibrating delay loop (skipped) preset value.. 4608.00 BogoMIPS (lpj=9216000)
[    0.229859] pid_max: default: 32768 minimum: 301
[    0.230921] ACPI: Core revision 20150930
[    0.232464] ACPI: 2 ACPI AML tables successfully acquired and loaded
[    0.233841] Security Framework initialized
[    0.234702] Yama: becoming mindful.
[    0.235537] AppArmor: AppArmor initialized
[    0.236889] Dentry cache hash table entries: 131072 (order: 8, 1048576 bytes)
[    0.240379] Inode-cache hash table entries: 65536 (order: 7, 524288 bytes)
[    0.242979] Mount-cache hash table entries: 2048 (order: 2, 16384 bytes)
[    0.245027] Mountpoint-cache hash table entries: 2048 (order: 2, 16384 bytes)
[    0.247218] Initializing cgroup subsys io
[    0.248514] Initializing cgroup subsys memory
[    0.249829] Initializing cgroup subsys devices
[    0.251275] Initializing cgroup subsys freezer
[    0.252606] Initializing cgroup subsys net_cls
[    0.254111] Initializing cgroup subsys perf_event
[    0.255700] Initializing cgroup subsys net_prio
[    0.257065] Initializing cgroup subsys hugetlb
[    0.258374] Initializing cgroup subsys pids
[    0.271898] mce: CPU supports 0 MCE banks
[    0.273075] Last level iTLB entries: 4KB 64, 2MB 8, 4MB 8
[    0.274366] Last level dTLB entries: 4KB 64, 2MB 0, 4MB 0, 1GB 4
[    0.275521] Spectre V1 : Mitigation: usercopy/swapgs barriers and __user pointer sanitization
[    0.277210] Spectre V2 : Mitigation: Full generic retpoline
[    0.278778] Spectre V2 : Spectre v2 / SpectreRSB mitigation: Filling RSB on context switch
[    0.280889] Speculative Store Bypass: Vulnerable
[    0.282211] SRBDS: Unknown: Dependent on hypervisor status
[    0.283418] MDS: Mitigation: Clear CPU buffers
[    0.287294] Freeing SMP alternatives memory: 36K
[    0.301401] ftrace: allocating 32337 entries in 127 pages
[    0.361353] smpboot: APIC(0) Converting physical 0 to logical package 0
[    0.364872] smpboot: Max logical packages: 1
[    0.366446] x2apic enabled
[    0.367450] Switched APIC routing to physical x2apic.
[    0.369734] ..TIMER: vector=0x30 apic1=0 pin1=2 apic2=-1 pin2=-1
[    0.479323] smpboot: CPU0: Intel(R) Core(TM) i5-7360U CPU @ 2.30GHz (family: 0x6, model: 0x8e, stepping: 0x9)
[    0.483260] Performance Events: unsupported p6 CPU model 142 no PMU driver, software events only.
[    0.495090] KVM setup paravirtual spinlock
[    0.496983] x86: Booting SMP configuration:
[    0.498138] .... node  #0, CPUs:      #1
[    0.499350] kvm-clock: cpu 1, msr 0:3ffe3041, secondary cpu clock
[    0.514435] mce: CPU supports 0 MCE banks
[    0.517336] x86: Booted up 1 node, 2 CPUs
[    0.518611] smpboot: Total of 2 processors activated (9216.00 BogoMIPS)
[    0.520771] devtmpfs: initialized
[    0.525832] evm: security.selinux
[    0.530839] evm: security.SMACK64
[    0.532755] evm: security.SMACK64EXEC
[    0.533610] evm: security.SMACK64TRANSMUTE
[    0.534703] evm: security.SMACK64MMAP
[    0.535822] evm: security.ima
[    0.536695] evm: security.capability
[    0.537900] clocksource: jiffies: mask: 0xffffffff max_cycles: 0xffffffff, max_idle_ns: 7645041785100000 ns
[    0.540493] futex hash table entries: 512 (order: 3, 32768 bytes)
[    0.541948] pinctrl core: initialized pinctrl subsystem
[    0.545274] RTC time:  4:24:45, date: 08/31/20
[    0.546500] NET: Registered protocol family 16
[    0.559618] cpuidle: using governor ladder
[    0.575588] cpuidle: using governor menu
[    0.579949] PCCT header not found.
[    0.585614] ACPI: bus type PCI registered
[    0.586857] acpiphp: ACPI Hot Plug PCI Controller Driver version: 0.5
[    0.590000] PCI: Using configuration type 1 for base access
[    0.607594] ACPI: Added _OSI(Module Device)
[    0.614160] ACPI: Added _OSI(Processor Device)
[    0.615603] ACPI: Added _OSI(3.0 _SCP Extensions)
[    0.616949] ACPI: Added _OSI(Processor Aggregator Device)
[    0.618915] ACPI: Executed 1 blocks of module-level executable AML code
[    0.623785] ACPI: Interpreter enabled
[    0.624857] ACPI: (supports S0 S5)
[    0.625825] ACPI: Using IOAPIC for interrupt routing
[    0.627323] PCI: Using host bridge windows from ACPI; if necessary, use "pci=nocrs" and report a bug
[    0.633077] ACPI: PCI Root Bridge [PCI0] (domain 0000 [bus 00-ff])
[    0.643287] acpi PNP0A03:00: _OSC: OS supports [ASPM ClockPM Segments MSI]
[    0.645734] acpi PNP0A03:00: _OSC: not requesting OS control; OS requires [ExtendedConfig ASPM ClockPM MSI]
[    0.648078] acpi PNP0A03:00: fail to add MMCONFIG information, can't access extended PCI configuration space under this bridge.
[    0.652457] PCI host bridge to bus 0000:00
[    0.653440] pci_bus 0000:00: root bus resource [io  0x0000-0x0cf7 window]
[    0.654756] pci_bus 0000:00: root bus resource [io  0x0d00-0xffff window]
[    0.656103] pci_bus 0000:00: root bus resource [mem 0x000a0000-0x000bffff window]
[    0.657775] pci_bus 0000:00: root bus resource [mem 0x40000000-0xfdffffff window]
[    0.659391] pci_bus 0000:00: root bus resource [bus 00-ff]
[    0.664397] pci 0000:00:01.1: legacy IDE quirk: reg 0x10: [io  0x01f0-0x01f7]
[    0.665781] pci 0000:00:01.1: legacy IDE quirk: reg 0x14: [io  0x03f6]
[    0.667083] pci 0000:00:01.1: legacy IDE quirk: reg 0x18: [io  0x0170-0x0177]
[    0.676372] pci 0000:00:01.1: legacy IDE quirk: reg 0x1c: [io  0x0376]
[    0.693816] pci 0000:00:07.0: quirk: [io  0x4000-0x403f] claimed by PIIX4 ACPI
[    0.695774] pci 0000:00:07.0: quirk: [io  0x4100-0x410f] claimed by PIIX4 SMB
[    0.705652] ACPI: PCI Interrupt Link [LNKA] (IRQs 5 9 10 *11)
[    0.714422] ACPI: PCI Interrupt Link [LNKB] (IRQs 5 9 *10 11)
[    0.716216] ACPI: PCI Interrupt Link [LNKC] (IRQs 5 *9 10 11)
[    0.717774] ACPI: PCI Interrupt Link [LNKD] (IRQs 5 9 10 *11)
[    0.719613] ACPI: Enabled 2 GPEs in block 00 to 07
[    0.721278] vgaarb: setting as boot device: PCI:0000:00:02.0
[    0.729239] vgaarb: device added: PCI:0000:00:02.0,decodes=io+mem,owns=io+mem,locks=none
[    0.731012] vgaarb: loaded
[    0.731659] vgaarb: bridge control possible 0000:00:02.0
[    0.733001] SCSI subsystem initialized
[    0.734074] ACPI: bus type USB registered
[    0.739052] usbcore: registered new interface driver usbfs
[    0.743729] usbcore: registered new interface driver hub
[    0.745140] usbcore: registered new device driver usb
[    0.747595] PCI: Using ACPI for IRQ routing
[    0.755493] NetLabel: Initializing
[    0.757109] NetLabel:  domain hash size = 128
[    0.760469] NetLabel:  protocols = UNLABELED CIPSOv4
[    0.766582] NetLabel:  unlabeled traffic allowed by default
[    0.781571] amd_nb: Cannot enumerate AMD northbridges
[    0.785604] clocksource: Switched to clocksource kvm-clock
[    0.793806] AppArmor: AppArmor Filesystem Enabled
[    0.810138] pnp: PnP ACPI init
[    0.811887] pnp: PnP ACPI: found 3 devices
[    0.822679] clocksource: acpi_pm: mask: 0xffffff max_cycles: 0xffffff, max_idle_ns: 2085701024 ns
[    0.825647] NET: Registered protocol family 2
[    0.827099] TCP established hash table entries: 8192 (order: 4, 65536 bytes)
[    0.828672] TCP bind hash table entries: 8192 (order: 5, 131072 bytes)
[    0.830407] TCP: Hash tables configured (established 8192 bind 8192)
[    0.832045] UDP hash table entries: 512 (order: 2, 16384 bytes)
[    0.833529] UDP-Lite hash table entries: 512 (order: 2, 16384 bytes)
[    0.834846] NET: Registered protocol family 1
[    0.835958] pci 0000:00:00.0: Limiting direct PCI/PCI transfers
[    0.837157] pci 0000:00:01.0: Activating ISA DMA hang workarounds
[    0.838549] Unpacking initramfs...
[    1.044072] Freeing initrd memory: 14884K
[    1.045590] clocksource: tsc: mask: 0xffffffffffffffff max_cycles: 0x2135f7c97c8, max_idle_ns: 440795273205 ns
[    1.048754] platform rtc_cmos: registered platform RTC device (no PNP device found)
[    1.051349] Scanning for low memory corruption every 60 seconds
[    1.053541] audit: initializing netlink subsys (disabled)
[    1.055293] audit: type=2000 audit(1598847891.015:1): initialized
[    1.057452] Initialise system trusted keyring
[    1.059247] HugeTLB registered 2 MB page size, pre-allocated 0 pages
[    1.062996] zbud: loaded
[    1.064358] VFS: Disk quotas dquot_6.6.0
[    1.065726] VFS: Dquot-cache hash table entries: 512 (order 0, 4096 bytes)
[    1.067844] squashfs: version 4.0 (2009/01/31) Phillip Lougher
[    1.069664] fuse init (API version 7.23)
[    1.071044] Key type big_key registered
[    1.072030] Allocating IMA MOK and blacklist keyrings.
[    1.074540] Key type asymmetric registered
[    1.075435] Asymmetric key parser 'x509' registered
[    1.076469] Block layer SCSI generic (bsg) driver version 0.4 loaded (major 249)
[    1.078220] io scheduler noop registered
[    1.079099] io scheduler deadline registered (default)
[    1.080246] io scheduler cfq registered
[    1.081359] pci_hotplug: PCI Hot Plug PCI Core version: 0.5
[    1.082536] pciehp: PCI Express Hot Plug Controller Driver version: 0.4
[    1.084095] ACPI: AC Adapter [AC] (on-line)
[    1.085031] input: Power Button as /devices/LNXSYSTM:00/LNXPWRBN:00/input/input0
[    1.086668] ACPI: Power Button [PWRF]
[    1.087552] input: Sleep Button as /devices/LNXSYSTM:00/LNXSLPBN:00/input/input1
[    1.089139] ACPI: Sleep Button [SLPF]
[    1.090173] GHES: HEST is not enabled!
[    1.093326] ACPI: Battery Slot [BAT0] (battery present)
[    1.093845] Serial: 8250/16550 driver, 32 ports, IRQ sharing enabled
[    1.115287] 00:02: ttyS0 at I/O 0x3f8 (irq = 4, base_baud = 115200) is a 16550A
[    1.123391] Linux agpgart interface v0.103
[    1.128223] loop: module loaded
[    1.129667] scsi host0: ata_piix
[    1.130692] scsi host1: ata_piix
[    1.131677] ata1: PATA max UDMA/33 cmd 0x1f0 ctl 0x3f6 bmdma 0xd000 irq 14
[    1.133425] ata2: PATA max UDMA/33 cmd 0x170 ctl 0x376 bmdma 0xd008 irq 15
[    1.135351] libphy: Fixed MDIO Bus: probed
[    1.136680] tun: Universal TUN/TAP device driver, 1.6
[    1.138069] tun: (C) 1999-2004 Max Krasnyansky <maxk@qualcomm.com>
[    1.139428] PPP generic driver version 2.4.2
[    1.140876] ehci_hcd: USB 2.0 'Enhanced' Host Controller (EHCI) Driver
[    1.142981] ehci-pci: EHCI PCI platform driver
[    1.144426] ehci-platform: EHCI generic platform driver
[    1.146035] ohci_hcd: USB 1.1 'Open' Host Controller (OHCI) Driver
[    1.147725] ohci-pci: OHCI PCI platform driver
[    1.149002] ohci-platform: OHCI generic platform driver
[    1.150613] uhci_hcd: USB Universal Host Controller Interface driver
[    1.152620] i8042: PNP: PS/2 Controller [PNP0303:PS2K,PNP0f03:PS2M] at 0x60,0x64 irq 1,12
[    1.155670] serio: i8042 KBD port at 0x60,0x64 irq 1
[    1.157517] serio: i8042 AUX port at 0x60,0x64 irq 12
[    1.159393] mousedev: PS/2 mouse device common for all mice
[    1.161449] input: AT Translated Set 2 keyboard as /devices/platform/i8042/serio0/input/input2
[    1.165209] rtc_cmos rtc_cmos: rtc core: registered rtc_cmos as rtc0
[    1.166996] rtc_cmos rtc_cmos: alarms up to one day, 114 bytes nvram
[    1.168633] i2c /dev entries driver
[    1.169715] device-mapper: uevent: version 1.0.3
[    1.170804] device-mapper: ioctl: 4.34.0-ioctl (2015-10-28) initialised: dm-devel@redhat.com
[    1.172907] ledtrig-cpu: registered to indicate activity on CPUs
[    1.174796] NET: Registered protocol family 10
[    1.175932] NET: Registered protocol family 17
[    1.176878] Key type dns_resolver registered
[    1.178535] registered taskstats version 1
[    1.180706] Loading compiled-in X.509 certificates
[    1.182297] Loaded X.509 cert 'Build time autogenerated kernel key: f06b7227f29f55afa9b8968d1b82289d30ebc7c3'
[    1.184827] zswap: loaded using pool lzo/zbud
[    1.187475] Key type trusted registered
[    1.191174] Key type encrypted registered
[    1.192414] AppArmor: AppArmor sha1 policy hashing enabled
[    1.193989] ima: No TPM chip found, activating TPM-bypass!
[    1.195370] ima: Allocated hash algorithm: sha1
[    1.196513] evm: HMAC attrs: 0x1
[    1.197846]   Magic number: 0:140:415
[    1.198725] rtc_cmos rtc_cmos: setting system clock to 2020-08-31 04:24:46 UTC (1598847886)
[    1.200579] BIOS EDD facility v0.16 2004-Jun-25, 0 devices found
[    1.202174] EDD information not available.
[    1.291491] Freeing unused kernel memory: 1492K
[    1.293577] Write protecting the kernel read-only data: 14336k
[    1.298133] Freeing unused kernel memory: 1592K
[    1.300641] Freeing unused kernel memory: 56K
Loading, please wait...
starting version 229
[    1.321922] random: systemd-udevd: uninitialized urandom read (16 bytes read, 3 bits of entropy available)
[    1.325446] random: systemd-udevd: uninitialized urandom read (16 bytes read, 3 bits of entropy available)
[    1.327860] random: udevadm: uninitialized urandom read (16 bytes read, 3 bits of entropy available)
[    1.327998] random: udevadm: uninitialized urandom read (16 bytes read, 3 bits of entropy available)
[    1.335110] random: systemd-udevd: uninitialized urandom read (16 bytes read, 3 bits of entropy available)
[    1.338398] random: systemd-udevd: uninitialized urandom read (16 bytes read, 3 bits of entropy available)
[    1.342611] random: systemd-udevd: uninitialized urandom read (16 bytes read, 3 bits of entropy available)
[    1.345462] random: systemd-udevd: uninitialized urandom read (16 bytes read, 3 bits of entropy available)
[    1.345831] random: udevadm: uninitialized urandom read (16 bytes read, 3 bits of entropy available)
[    1.345891] random: udevadm: uninitialized urandom read (16 bytes read, 3 bits of entropy available)
[    1.403669] e1000: Intel(R) PRO/1000 Network Driver - version 7.3.21-k8-NAPI
[    1.405760] e1000: Copyright (c) 1999-2006 Intel Corporation.
[    1.416969] Fusion MPT base driver 3.04.20
[    1.418174] Copyright (c) 1999-2008 LSI Corporation
[    1.434541] AVX2 version of gcm_enc/dec engaged.
[    1.436676] AES CTR mode by8 optimization enabled
[    1.440938] Fusion MPT SPI Host driver 3.04.20
[    1.649573] input: ImExPS/2 Generic Explorer Mouse as /devices/platform/i8042/serio1/input/input4
[    1.815565] e1000 0000:00:03.0 eth0: (PCI:33MHz:32-bit) 02:98:c6:81:17:55
[    1.817226] e1000 0000:00:03.0 eth0: Intel(R) PRO/1000 Network Connection
[    2.227218] e1000 0000:00:08.0 eth1: (PCI:33MHz:32-bit) 08:00:27:d6:99:94
[    2.229880] e1000 0000:00:08.0 eth1: Intel(R) PRO/1000 Network Connection
[    2.232763] mptbase: ioc0: Initiating bringup
[    2.232930] e1000 0000:00:08.0 enp0s8: renamed from eth1
[    2.242523] e1000 0000:00:03.0 enp0s3: renamed from eth0
[    2.302803] ioc0: LSI53C1030 A0: Capabilities={Initiator}
[    2.464105] scsi host2: ioc0: LSI53C1030 A0, FwRev=00000000h, Ports=1, MaxQ=256, IRQ=20
[    2.582623] scsi 2:0:0:0: Direct-Access     VBOX     HARDDISK         1.0  PQ: 0 ANSI: 5
[    2.585691] scsi target2:0:0: Beginning Domain Validation
[    2.589206] scsi target2:0:0: Domain Validation skipping write tests
[    2.591317] scsi target2:0:0: Ending Domain Validation
[    2.593034] scsi target2:0:0: asynchronous
[    2.594458] scsi 2:0:1:0: Direct-Access     VBOX     HARDDISK         1.0  PQ: 0 ANSI: 5
[    2.608809] scsi target2:0:1: Beginning Domain Validation
[    2.611672] scsi target2:0:1: Domain Validation skipping write tests
[    2.613431] scsi target2:0:1: Ending Domain Validation
[    2.615250] scsi target2:0:1: asynchronous
[    2.622303] sd 2:0:0:0: [sda] 20971520 512-byte logical blocks: (10.7 GB/10.0 GiB)
[    2.622720] sd 2:0:0:0: Attached scsi generic sg0 type 0
[    2.625697] sd 2:0:0:0: [sda] Write Protect is off
[    2.626211] sd 2:0:1:0: Attached scsi generic sg1 type 0
[    2.628244] sd 2:0:1:0: [sdb] 20480 512-byte logical blocks: (10.5 MB/10.0 MiB)
[    2.630421] sd 2:0:0:0: [sda] Incomplete mode parameter data
[    2.631610] sd 2:0:0:0: [sda] Assuming drive cache: write through
[    2.632897] sd 2:0:1:0: [sdb] Write Protect is off
[    2.634150] sd 2:0:1:0: [sdb] Incomplete mode parameter data
[    2.635396] sd 2:0:1:0: [sdb] Assuming drive cache: write through
[    2.637834]  sda: sda1
[    2.639376] sd 2:0:0:0: [sda] Attached SCSI disk
[    2.641264] sd 2:0:1:0: [sdb] Attached SCSI disk
Begin: Loading essential drivers ... [    3.961388] md: linear personality registered for level -1
[    3.964971] md: multipath personality registered for level -4
[    3.968834] md: raid0 personality registered for level 0
[    3.974178] md: raid1 personality registered for level 1
[    4.045638] raid6: sse2x1   gen() 11993 MB/s
[    4.113964] raid6: sse2x1   xor()  8780 MB/s
[    4.182076] raid6: sse2x2   gen() 15003 MB/s
[    4.249694] raid6: sse2x2   xor() 10406 MB/s
[    4.317700] raid6: sse2x4   gen() 16869 MB/s
[    4.386129] raid6: sse2x4   xor() 11269 MB/s
[    4.453883] raid6: avx2x1   gen() 20581 MB/s
[    4.522126] raid6: avx2x2   gen() 26066 MB/s
[    4.590088] raid6: avx2x4   gen() 29279 MB/s
[    4.591550] raid6: using algorithm avx2x4 gen() 29279 MB/s
[    4.592738] raid6: using avx2x2 recovery algorithm
[    4.595471] xor: automatically using best checksumming function:
[    4.633679]    avx       : 25322.000 MB/sec
[    4.636164] async_tx: api initialized (async)
[    4.645284] md: raid6 personality registered for level 6
[    4.647118] md: raid5 personality registered for level 5
[    4.648522] md: raid4 personality registered for level 4
[    4.656242] md: raid10 personality registered for level 10
done.
Begin: Running /scripts/init-premount ... done.
Begin: Mounting root file system ... Begin: Running /scripts/local-top ... done.
Begin: Running /scripts/local-premount ... [    4.690933] Btrfs loaded
Scanning for Btrfs filesystems
done.
Warning: fsck not present, so skipping root file system
[    4.723918] EXT4-fs (sda1): mounted filesystem with ordered data mode. Opts: (null)
done.
Begin: Running /scripts/local-bottom ... done.
Begin: Running /scripts/init-bottom ... done.
[    4.800595] systemd[1]: systemd 229 running in system mode. (+PAM +AUDIT +SELINUX +IMA +APPARMOR +SMACK +SYSVINIT +UTMP +LIBCRYPTSETUP +GCRYPT +GNUTLS +ACL +XZ -LZ4 +SECCOMP +BLKID +ELFUTILS +KMOD -IDN)
[    4.804207] systemd[1]: Detected virtualization oracle.
[    4.805284] systemd[1]: Detected architecture x86-64.

Welcome to [1mUbuntu 16.04.7 LTS[0m!

[    4.808305] systemd[1]: Set hostname to <ubuntu>.
[    4.810937] systemd[1]: Initializing machine ID from random generator.
[    4.812246] systemd[1]: Installed transient /etc/machine-id file.
[    4.901110] systemd[1]: Created slice User and Session Slice.
[[0;32m  OK  [0m] Created slice User and Session Slice.
[    4.903629] systemd[1]: Reached target Swap.
[[0;32m  OK  [0m] Reached target Swap.
[    4.905618] systemd[1]: Listening on Syslog Socket.
[[0;32m  OK  [0m] Listening on Syslog Socket.
[    4.907659] systemd[1]: Listening on LVM2 poll daemon socket.
[[0;32m  OK  [0m] Listening on LVM2 poll daemon socket.
[    4.910111] systemd[1]: Set up automount Arbitrary Executable File Formats File System Automount Point.
[[0;32m  OK  [0m] Set up automount Arbitrary Executab...ats File System Automount Point.
[    4.913728] systemd[1]: Started Trigger resolvconf update for networkd DNS.
[[0;32m  OK  [0m] Started Trigger resolvconf update for networkd DNS.
[    4.916509] systemd[1]: Listening on udev Kernel Socket.
[[0;32m  OK  [0m] Listening on udev Kernel Socket.
[    4.919375] systemd[1]: Listening on LVM2 metadata daemon socket.
[[0;32m  OK  [0m] Listening on LVM2 metadata daemon socket.
[    4.922169] systemd[1]: Listening on Journal Audit Socket.
[[0;32m  OK  [0m] Listening on Journal Audit Socket.
[    4.924833] systemd[1]: Listening on udev Control Socket.
[[0;32m  OK  [0m] Listening on udev Control Socket.
[    4.927162] systemd[1]: Listening on /dev/initctl Compatibility Named Pipe.
[[0;32m  OK  [0m] Listening on /dev/initctl Compatibility Named Pipe.
[    4.929965] systemd[1]: Reached target System Time Synchronized.
[[0;32m  OK  [0m] Reached target System Time Synchronized.
[    4.931996] systemd[1]: Reached target Encrypted Volumes.
[[0;32m  OK  [0m] Reached target Encrypted Volumes.
[    4.934048] systemd[1]: Listening on Journal Socket (/dev/log).
[[0;32m  OK  [0m] Listening on Journal Socket (/dev/log).
[    4.936856] systemd[1]: Created slice System Slice.
[[0;32m  OK  [0m] Created slice System Slice.
[    4.939002] systemd[1]: Created slice system-serial\x2dgetty.slice.
[[0;32m  OK  [0m] Created slice system-serial\x2dgetty.slice.
[    4.941361] systemd[1]: Reached target Slices.
[[0;32m  OK  [0m] Reached target Slices.
[    4.943756] systemd[1]: Listening on Device-mapper event daemon FIFOs.
[[0;32m  OK  [0m] Listening on Device-mapper event daemon FIFOs.
[    4.946362] systemd[1]: Listening on Journal Socket.
[[0;32m  OK  [0m] Listening on Journal Socket.
[    4.958190] systemd[1]: Mounting Huge Pages File System...
         Mounting Huge Pages File System...
[    4.962044] systemd[1]: Starting Create list of required static device nodes for the current kernel...
         Starting Create list of required st... nodes for the current kernel...
[    4.966693] systemd[1]: Starting Set console keymap...
         Starting Set console keymap...
[    4.971423] systemd[1]: Starting Load Kernel Modules...
         Starting Load Kernel Modules...
[    4.974076] systemd[1]: Starting Remount Root and Kernel File Systems...
         Starting Remount Root and Kernel File Systems...
[    4.981249] Loading iSCSI transport class v2.0-870.
[    4.983252] systemd[1]: Starting Monitoring of LVM2 mirrors, snapshots etc. using dmeventd or progress polling...
         Starting Monitoring of LVM2 mirrors... [    4.986671] EXT4-fs (sda1): re-mounted. Opts: (null)
dmeventd or progress polling...
[    4.990087] systemd[1]: Starting Nameserver information manager...
         Starting Nameserver information manager...
[    4.997330] iscsi: registered transport (tcp)
[    4.999200] systemd[1]: Starting Journal Service...
         Starting Journal Service...
[    5.005610] systemd[1]: Mounting POSIX Message Queue File System...
         Mounting POSIX Message Queue File System...
[    5.010881] systemd[1]: Mounting Debug File System...
         Mounting Debug File System...
[    5.013790] systemd[1]: Reached target User and Group Name Lookups.
[[0;32m  OK  [0m] Reached target User and Group Name Lookups.
[    5.017378] systemd[1]: Starting Uncomplicated firewall...
         Starting Uncomplicated firewall...
[    5.021729] systemd[1]: Started Forward Password Requests to Wall Directory Watch.
[[0;32m  OK  [0m] Started Forward Password Requests to Wall Directory Watch.
[    5.028016] systemd[1]: Mounted Huge Pages File System.
[[0;32m  OK  [0m] Mounted Huge Pages File System.
[    5.030383] systemd[1]: Mounted POSIX Message Queue File System.
[[0;32m  OK  [0m] Mounted POSIX Message Queue File System.
[    5.033226] systemd[1]: Mounted Debug File System.
[[0;32m  OK  [0m] Mounted Debug File System.
[    5.035844] systemd[1]: Started Journal Service.
[[0;32m  OK  [0m] Started Journal Service.
[[0;32m  OK  [0m] Started Create list of required sta...ce nodes for the current kernel.
[[0;32m  OK  [0m] Started Set console keymap.
[[0;32m  OK  [0m] Started Remount Root and Kernel File Systems.
[    5.055279] iscsi: registered transport (iser)
[[0;32m  OK  [0m] Started Load Kernel Modules.
[[0;32m  OK  [0m] Started Uncomplicated firewall.
[[0;32m  OK  [0m] Started Nameserver information manager.
[[0;32m  OK  [0m] Started LVM2 metadata daemon.
         Mounting FUSE Control File System...
         Starting Apply Kernel Variables...
         Starting udev Coldplug all Devices...
         Starting Load/Save Random Seed...
         Starting Create Static Device Nodes in /dev...
         Starting Flush Journal to Persistent Storage...
[[0;32m  OK  [0m] Mounted FUSE Control File System.
[[0;32m  OK  [0m] Started Load/Save Random Seed.
[    5.093147] systemd-journald[388]: Received request to flush runtime journal from PID 1
[[0;32m  OK  [0m] Started Apply Kernel Variables.
[[0;32m  OK  [0m] Started Flush Journal to Persistent Storage.
[[0;32m  OK  [0m] Started Create Static Device Nodes in /dev.
         Starting udev Kernel Device Manager...
[[0;32m  OK  [0m] Started udev Kernel Device Manager.
[[0;32m  OK  [0m] Started udev Coldplug all Devices.
[[0;32m  OK  [0m] Started Dispatch Password Requests to Console Directory Watch.
[[0;32m  OK  [0m] Found device /dev/ttyS0.
[[0;32m  OK  [0m] Listening on Load/Save RF Kill Switch Status /dev/rfkill Watch.
[[0;32m  OK  [0m] Started Monitoring of LVM2 mirrors,...ng dmeventd or progress polling.
[[0;32m  OK  [0m] Reached target Local File Systems (Pre).
[[0;32m  OK  [0m] Reached target Local File Systems.
         Starting LSB: AppArmor initialization...
         Starting Tell Plymouth To Write Out Runtime Data...
         Starting Create Volatile Files and Directories...
         Starting Set console font and keymap...
         Starting Initial cloud-init job (pre-networking)...
         Starting Commit a transient machine-id on disk...
[[0;32m  OK  [0m] Started Tell Plymouth To Write Out Runtime Data.
[[0;32m  OK  [0m] Started Create Volatile Files and Directories.
[[0;32m  OK  [0m] Started Commit a transient machine-id on disk.
         Starting Update UTMP about System Boot/Shutdown...
[[0;32m  OK  [0m] Started Update UTMP about System Boot/Shutdown.
[    6.463097] cloud-init[623]: Cloud-init v. 20.2-45-g5f7825e2-0ubuntu1~16.04.1 running 'init-local' at Mon, 31 Aug 2020 04:24:51 +0000. Up 6.06 seconds.
[[0;32m  OK  [0m] Started Set console font and keymap.
[[0;32m  OK  [0m] Created slice system-getty.slice.
[[0;32m  OK  [0m] Started Initial cloud-init job (pre-networking).
[[0;32m  OK  [0m] Reached target Network (Pre).
[[0;32m  OK  [0m] Started LSB: AppArmor initialization.
         Starting Raise network interfaces...
         Starting Load AppArmor profiles managed internally by snapd...
[[0;32m  OK  [0m] Started Load AppArmor profiles managed internally by snapd.
[[0;32m  OK  [0m] Started Raise network interfaces.
[[0;32m  OK  [0m] Reached target Network.
         Starting Initial cloud-init job (metadata service crawler)...
[    7.625140] cloud-init[965]: Cloud-init v. 20.2-45-g5f7825e2-0ubuntu1~16.04.1 running 'init' at Mon, 31 Aug 2020 04:24:52 +0000. Up 7.10 seconds.
[    7.627575] cloud-init[965]: ci-info: ++++++++++++++++++++++++++++++++++++++Net device info+++++++++++++++++++++++++++++++++++++++
[    7.629594] cloud-init[965]: ci-info: +--------+-------+----------------------------+---------------+--------+-------------------+
[    7.631555] cloud-init[965]: ci-info: | Device |   Up  |          Address           |      Mask     | Scope  |     Hw-Address    |
[    7.633929] cloud-init[965]: ci-info: +--------+-------+----------------------------+---------------+--------+-------------------+
[    7.636433] cloud-init[965]: ci-info: | enp0s3 |  True |         10.0.2.15          | 255.255.255.0 | global | 02:98:c6:81:17:55 |
[    7.640161] cloud-init[965]: ci-info: | enp0s3 |  True | fe80::98:c6ff:fe81:1755/64 |       .       |  link  | 02:98:c6:81:17:55 |
[    7.642090] cloud-init[965]: ci-info: | enp0s8 | False |             .              |       .       |   .    | 08:00:27:d6:99:94 |
[    7.643539] cloud-init[965]: ci-info: |   lo   |  True |         127.0.0.1          |   255.0.0.0   |  host  |         .         |
[    7.645942] cloud-init[965]: ci-info: |   lo   |  True |          ::1/128           |       .       |  host  |         .         |
[    7.647083] cloud-init[965]: ci-info: +--------+-------+----------------------------+---------------+--------+-------------------+
[    7.648513] cloud-init[965]: ci-info: +++++++++++++++++++++++++++Route IPv4 info++++++++++++++++++++++++++++
[    7.650303] cloud-init[965]: ci-info: +-------+-------------+----------+---------------+-----------+-------+
[    7.652217] cloud-init[965]: ci-info: | Route | Destination | Gateway  |    Genmask    | Interface | Flags |
[    7.660856] cloud-init[965]: ci-info: +-------+-------------+----------+---------------+-----------+-------+
[    7.662181] cloud-init[965]: ci-info: |   0   |   0.0.0.0   | 10.0.2.2 |    0.0.0.0    |   enp0s3  |   UG  |
[    7.663335] cloud-init[965]: ci-info: |   1   |   10.0.2.0  | 0.0.0.0  | 255.255.255.0 |   enp0s3  |   U   |
[    7.665109] cloud-init[965]: ci-info: +-------+-------------+----------+---------------+-----------+-------+
[    7.666832] cloud-init[965]: ci-info: +++++++++++++++++++Route IPv6 info+++++++++++++++++++
[    7.668617] cloud-init[965]: ci-info: +-------+-------------+---------+-----------+-------+
[    7.676855] cloud-init[965]: ci-info: | Route | Destination | Gateway | Interface | Flags |
[    7.678699] cloud-init[965]: ci-info: +-------+-------------+---------+-----------+-------+
[    7.679995] cloud-init[965]: ci-info: |   0   |  fe80::/64  |    ::   |   enp0s3  |   U   |
[    7.681049] cloud-init[965]: ci-info: |   3   |   ff00::/8  |    ::   |   enp0s3  |   U   |
[    7.681984] cloud-init[965]: ci-info: +-------+-------------+---------+-----------+-------+
[    7.683332] cloud-init[965]: Generating public/private rsa key pair.
[    7.684869] cloud-init[965]: Your identification has been saved in /etc/ssh/ssh_host_rsa_key.
[    7.696885] cloud-init[965]: Your public key has been saved in /etc/ssh/ssh_host_rsa_key.pub.
[    7.698185] cloud-init[965]: The key fingerprint is:
[    7.699035] cloud-init[965]: SHA256:NMY3diujvTbnyFqg+HaQUIn1IFGDhKd+lYjer67k4NM root@ubuntu-xenial
[    7.700160] cloud-init[965]: The key's randomart image is:
[    7.701073] cloud-init[965]: +---[RSA 2048]----+
[    7.702784] cloud-init[965]: |   o+*=.         |
[    7.705620] cloud-init[965]: |  . +.o=         |
[    7.716732] [[0;32m  OK  [0m] Started Initial cloud-init job (metadata service crawler).
[[0;32m  OK  [0m] Reached target System Initialization.
[[0;32m  OK  [0m] Listening on D-Bus System Message Bus Socket.
cloud-init[965]: |   + o .* + .    |
[    7.722084] [[0;32m  OK  [0m] Started Daily Cleanup of Temporary Directories.
cloud-init[965]: |  o o oo + o .   |
[    7.729172]          Starting Socket activation for snappy daemon.
cloud-init[965]: | o . o .S o .    |         Starting LXD - unix socket.

[    7.734567] [[0;32m  OK  [0m] Started ACPI Events Check.
[[0;32m  OK  [0m] Reached target Paths.
cloud-init[965]: |  o o.o. + o     |
[    7.738119] [cloud-init[0;32m  OK  [0m[965]: ] |. o...... o      |Started Daily apt download activities.

[[0;32m  OK  [0m] Started Daily apt upgrade and clean activities.
[    7.739772] cloud-init[965]: |.= E .o .ooo.    |
[    7.742045] [[0;32m  OK  [0m] Started Message of the Day.
[[0;32m  OK  [0m] Reached target Timers.
[[0;32m  OK  [0m] Listening on ACPID Listen Socket.
[[0;32m  OK  [0m] Listening on UUID daemon activation socket.
cloud-init[965]: | .+ooo...o++.    |
[    7.752646] cloud-init[[0;32m  OK  [0m] Reached target Network is Online.
[965]: +----[SHA256]-----+
[    7.757029] cloud-init[965]: Generating public/private dsa key pair.
[    7.759089] cloud-init[965]: Your identification has been saved in /etc/ssh/ssh_host_dsa_key.
[    7.761391] cloud-init[965]: Your public key has been saved in /etc/ssh/ssh_host_dsa_key.pub.
[    7.763820]          Starting iSCSI initiator daemon (iscsid)...
[[0;32m  OK  [0m] Reached target Cloud-config availability.
[[0;32m  OK  [0m] Listening on Socket activation for snappy daemon.
[[0;32m  OK  [0m] Listening on LXD - unix socket.
[[0;32m  OK  [0m] Reached target Sockets.
[[0;32m  OK  [0m] Reached target Basic System.
         Starting LXD - container startup/shutdown...
cloud-init[965]: The key fingerprint is:
[    7.775315] cloud-init[965]: SHA256:gVqb2FzUhk3rhnAKcvDBhYEnujgrfVLed4oqA1dwDUM root@ubuntu-xenial
[[0;32m  OK  [0m] Started Regular background program processing daemon.
[    7.777443] cloud-init[965]: The key's randomart image is:
[[0;32m  OK  [0m] Started ACPI event daemon.
         Starting LSB: Record successful boot for GRUB...
         Starting Pollinate to seed the pseudo random number generator...
[    7.790926] cloud-init[965]: +---[DSA 1024]----+
         Starting Virtualbox guest utils...
[[0;32m  OK  [0m] Started D-Bus System Message Bus.
[    7.804716] cloud-init[965]: |  .+E*. .=.      |
[    7.816199] cloud-init[965]: |  +o=o.o. +.     |
[    7.818537] cloud-init[965]: | ..=+ + +..      |
[    7.822068] cloud-init[965]: |.  o.B B +       |
[    7.825303] cloud-init[965]: |.. .o * S o      |
[    7.827519] cloud-init[965]: |= . .    .       |
[    7.830611] cloud-init[965]: | * o .           |
[    7.834233] cloud-init[965]: |o = o ... .      |
[    7.837053] cloud-init[965]: |.  =.....o       |
[    7.841778] cloud-init[965]: +----[SHA256]-----+
[    7.843648] cloud-init[965]: Generating public/private ecdsa key pair.
[    7.845652] cloud-init[965]: Your identification has been saved in /etc/ssh/ssh_host_ecdsa_key.
         Starting System Logging Service...[    7.856125] cloud-init[965]: Your public key has been saved in /etc/ssh/ssh_host_ecdsa_key.pub.
[    7.859268] cloud-init
         Starting LSB: MD monitoring daemon...
         Starting Accounts Service...
         Starting /etc/rc.local Compatibility...
[[0;32m  OK  [0m] Started FUSE filesystem for LXC.
[[0;32m  OK  [0m] Started Deferred execution scheduler.
[965]: The key fingerprint is:
         Starting Login Service...[    7.898417] cloud-init[965]: SHA256:5c/wiFNaBeEhuqEOyWqPxiEQxfGPjItBO5ynR3f3jM4 root@ubuntu-xenial
[    7.898582] cloud-init[965]: The key's randomart image is:

         Starting Snap Daemon...
[[0;32m  OK  [0m] Started System Logging Service.
[    7.907331] cloud-init[965]: +---[ECDSA 256]---+
[[0;32m  OK  [0m] Started LXD - container startup/shutdown.
[    7.945726] cloud-init[965]: | oo.    . +.     |
[    7.958253] cloud-init[965]: |. ..   . o o     |
[[0;32m  OK  [0m] Started /etc/rc.local Compatibility.
[[0;32m  OK  [0m] Started iSCSI initiator daemon (iscsid).
[    7.978038] cloud-init[965]: | o  . o   o .    |
[    7.985271] cloud-init[965]: |+.o+ + o o .     |
[    8.001694] cloud-init[965]: |o==o+.o.S.=      |
[    8.007006] cloud-init[965]: |.==+. . .=+*     |
[    8.018476] cloud-init[965]: |=oo..   +..o+    |
         Starting Login to default iSCSI targets...
[    8.035665] cloud-init[965]: |.o+     o.       |
[    8.042485] cloud-init[965]: |.. .     E       |
[    8.042612] cloud-init[965]: +----[SHA256]-----+
[    8.043158] cloud-init[965]: Generating public/private ed25519 key pair.
[    8.043696] cloud-init[965]: Your identification has been saved in /etc/ssh/ssh_host_ed25519_key.
[[    8.045010] cloud-init[965]: Your public key has been saved in /etc/ssh/ssh_host_ed25519_key.pub.
[    8.050316] cloud-init[965]: The key fingerprint is:
[    8.050373] cloud-init[965]: SHA256:qGuuXxBhrT6UcrNcb1Ul2ZwbUlDKTDxUp/H45EXWz0I root@ubuntu-xenial
[    8.050419] cloud-init[965]: The key's randomart image is:
[    8.050462] cloud-init[965]: +--[ED25519 256]--+
[0;32m  OK  [0m[    8.050539] ] cloud-initStarted LSB: Record successful boot for GRUB.[965]: 
|    o.     o=X*.=|
[    8.050585] cloud-init[965]: |   . ..    +*oEO.|
[[0;32m  OK  [0m] Started Login Service.
[[0;32m  OK  [0m] Started LSB: MD monitoring daemon.
[    8.064171] cloud-init[965]: |    .o     .++o+=|
[    8.068334] cloud-init[965]: |  . *...  .   o++|
[[0;32m  OK  [0m] Started Unattended Upgrades Shutdown.
         Starting Authenticate and Authorize Users to Run Privileged Tasks...
[    8.080081] cloud-init[965]: |   *.+..S.     .o|
[    8.085843] cloud-init[965]: |    =o  o        |
[    8.092566] cloud-init[965]: |    ....         |
[    8.093630] cloud-init[965]: |    .o           |
[    8.095495] cloud-init[965]: |  .=+            |
[    8.098189] cloud-init[965]: +----[SHA256]-----+
[[0;32m  OK  [0m] Started Login to default iSCSI targets.
[[0;32m  OK  [0m] Reached target Remote File Systems (Pre).
[[0;32m  OK  [0m] Reached target Remote File Systems.
         Starting Permit User Sessions...
         Starting LSB: Set the CPU Frequency Scaling governor to "ondemand"...
         Starting LSB: automatic crash report generation...
         Starting LSB: daemon to balance interrupts for SMP systems...
[[0;32m  OK  [0m] Started Virtualbox guest utils.
[[0;32m  OK  [0m] Started Permit User Sessions.
         Starting Hold until boot process finishes up...
         Starting Terminate Plymouth Boot Screen...
[[0;32m  OK  [0m] Started Hold until boot process finishes up.
[[0;32m  OK  [0m] Started Terminate Plymouth Boot Screen.
[[0;32m  OK  [0m] Started LSB: automatic crash report generation.
[[0;32m  OK  [0m] Started Authenticate and Authorize Users to Run Privileged Tasks.
[[0;32m  OK  [0m] Started Accounts Service.
         Starting Set console scheme...
[[0;32m  OK  [0m] Started Serial Getty on ttyS0.
[[0;32m  OK  [0m] Started Getty on tty1.
[[0;32m  OK  [0m] Reached target Login Prompts.
[[0;32m  OK  [0m] Started LSB: Set the CPU Frequency Scaling governor to "ondemand".
[[0;32m  OK  [0m] Started LSB: daemon to balance interrupts for SMP systems.
[[0;32m  OK  [0m] Started Set console scheme.
[[0;32m  OK  [0m] Started Snap Daemon.
         Starting Wait until snapd is fully seeded...
[[0;32m  OK  [0m] Started Pollinate to seed the pseudo random number generator.
         Starting OpenBSD Secure Shell server...
[[0;32m  OK  [0m] Started OpenBSD Secure Shell server.
[[0;32m  OK  [0m] Created slice User Slice of vagrant.
         Starting User Manager for UID 1000...
[[0;32m  OK  [0m] Started Session 1 of user vagrant.
[[0;32m  OK  [0m] Started User Manager for UID 1000.

Ubuntu 16.04.7 LTS ubuntu-xenial ttyS0

ubuntu-xenial login: [   16.410393] cloud-init[1796]: Generating locales (this might take a while)...
[   17.240727] cloud-init[1796]:   en_US.UTF-8... done
[   17.244120] cloud-init[1796]: Generation complete.
[   17.520456] cloud-init[1796]: Cloud-init v. 20.2-45-g5f7825e2-0ubuntu1~16.04.1 running 'modules:config' at Mon, 31 Aug 2020 04:25:01 +0000. Up 16.26 seconds.
ci-info: no authorized SSH keys fingerprints found for user ubuntu.
<14>Aug 31 04:25:03 ec2: 
<14>Aug 31 04:25:03 ec2: #############################################################
<14>Aug 31 04:25:03 ec2: -----BEGIN SSH HOST KEY FINGERPRINTS-----
<14>Aug 31 04:25:03 ec2: 1024 SHA256:gVqb2FzUhk3rhnAKcvDBhYEnujgrfVLed4oqA1dwDUM root@ubuntu-xenial (DSA)
<14>Aug 31 04:25:03 ec2: 256 SHA256:5c/wiFNaBeEhuqEOyWqPxiEQxfGPjItBO5ynR3f3jM4 root@ubuntu-xenial (ECDSA)
<14>Aug 31 04:25:03 ec2: 256 SHA256:qGuuXxBhrT6UcrNcb1Ul2ZwbUlDKTDxUp/H45EXWz0I root@ubuntu-xenial (ED25519)
<14>Aug 31 04:25:03 ec2: 2048 SHA256:NMY3diujvTbnyFqg+HaQUIn1IFGDhKd+lYjer67k4NM root@ubuntu-xenial (RSA)
<14>Aug 31 04:25:03 ec2: -----END SSH HOST KEY FINGERPRINTS-----
<14>Aug 31 04:25:03 ec2: #############################################################
-----BEGIN SSH HOST KEY KEYS-----
ecdsa-sha2-nistp256 AAAAE2VjZHNhLXNoYTItbmlzdHAyNTYAAAAIbmlzdHAyNTYAAABBBNBq4dtSjOccvTjEjNlsZbwEUaiBCVFuxWxAdI2iTxVcQelh5ARcBVbULTlZPeqvcc1FjCFWellDpHPlkTK66/k= root@ubuntu-xenial
ssh-ed25519 AAAAC3NzaC1lZDI1NTE5AAAAILgWp3PzS61+XYM/5CVkNKF5QIkm33Z8YRyYKB9ZiUVN root@ubuntu-xenial
ssh-rsa AAAAB3NzaC1yc2EAAAADAQABAAABAQDEgjqn2959BckG9gtmoe0Lq5qm61L//94+xzBLA+6rc0l1CJOwZ+07OsfCd3Ae2QsjLD6qe6oundX8cOTV2wOR6Gb8nM4/jTWYUcqQKygJV6iKdSV/NVn5+weG7Dfyaiyg1LDYcWvFCr/0keAaDgNgArON1QgmdVQJPP/Bz85eTunqFn4H1JMeuSdvu9OaFd2wxq1N36yvKgBaeR5AgzIDUm4qE7U30HvIxHJl1Sc2ayhZYSMeMt8VyfrFhst3rZdDqD27alFE9UdoO7e3fcUT5Wsq5zxzexMOUVlvZCfQRlkeTBcVqNIK5elynow2Qt0ULNS9LzC2pFTc+ePASh4v root@ubuntu-xenial
-----END SSH HOST KEY KEYS-----
[   17.917565] cloud-init[2044]: Cloud-init v. 20.2-45-g5f7825e2-0ubuntu1~16.04.1 running 'modules:final' at Mon, 31 Aug 2020 04:25:03 +0000. Up 17.80 seconds.
[   17.924647] cloud-init[2044]: ci-info: no authorized SSH keys fingerprints found for user ubuntu.
[   17.927343] cloud-init[2044]: Cloud-init v. 20.2-45-g5f7825e2-0ubuntu1~16.04.1 finished at Mon, 31 Aug 2020 04:25:03 +0000. Datasource DataSourceNoCloud [seed=/dev/sdb][dsmode=net].  Up 17.90 seconds
